Archive member included because of file (symbol)

/Users/eric/Documents/gcc-arm-none-eabi-4_8-2014q3/bin/../lib/gcc/arm-none-eabi/4.8.4/armv6-m/libgcc.a(_udivsi3.o)
                              _build/pstorage.o (__aeabi_uidiv)
/Users/eric/Documents/gcc-arm-none-eabi-4_8-2014q3/bin/../lib/gcc/arm-none-eabi/4.8.4/armv6-m/libgcc.a(_dvmd_tls.o)
                              /Users/eric/Documents/gcc-arm-none-eabi-4_8-2014q3/bin/../lib/gcc/arm-none-eabi/4.8.4/armv6-m/libgcc.a(_udivsi3.o) (__aeabi_idiv0)
/Users/eric/Documents/gcc-arm-none-eabi-4_8-2014q3/bin/../lib/gcc/arm-none-eabi/4.8.4/../../../../arm-none-eabi/lib/armv6-m/libc.a(lib_a-exit.o)
                              /Users/eric/Documents/gcc-arm-none-eabi-4_8-2014q3/bin/../lib/gcc/arm-none-eabi/4.8.4/../../../../arm-none-eabi/lib/armv6-m/crt0.o (exit)
/Users/eric/Documents/gcc-arm-none-eabi-4_8-2014q3/bin/../lib/gcc/arm-none-eabi/4.8.4/../../../../arm-none-eabi/lib/armv6-m/libc.a(lib_a-impure.o)
                              /Users/eric/Documents/gcc-arm-none-eabi-4_8-2014q3/bin/../lib/gcc/arm-none-eabi/4.8.4/../../../../arm-none-eabi/lib/armv6-m/libc.a(lib_a-exit.o) (_global_impure_ptr)
/Users/eric/Documents/gcc-arm-none-eabi-4_8-2014q3/bin/../lib/gcc/arm-none-eabi/4.8.4/../../../../arm-none-eabi/lib/armv6-m/libc.a(lib_a-init.o)
                              /Users/eric/Documents/gcc-arm-none-eabi-4_8-2014q3/bin/../lib/gcc/arm-none-eabi/4.8.4/../../../../arm-none-eabi/lib/armv6-m/crt0.o (__libc_init_array)
/Users/eric/Documents/gcc-arm-none-eabi-4_8-2014q3/bin/../lib/gcc/arm-none-eabi/4.8.4/../../../../arm-none-eabi/lib/armv6-m/libc.a(lib_a-memcmp.o)
                              _build/device_manager_peripheral.o (memcmp)
/Users/eric/Documents/gcc-arm-none-eabi-4_8-2014q3/bin/../lib/gcc/arm-none-eabi/4.8.4/../../../../arm-none-eabi/lib/armv6-m/libc.a(lib_a-memcpy-stub.o)
                              _build/main.o (memcpy)
/Users/eric/Documents/gcc-arm-none-eabi-4_8-2014q3/bin/../lib/gcc/arm-none-eabi/4.8.4/../../../../arm-none-eabi/lib/armv6-m/libc.a(lib_a-memmove.o)
                              _build/ble_wiegand.o (memmove)
/Users/eric/Documents/gcc-arm-none-eabi-4_8-2014q3/bin/../lib/gcc/arm-none-eabi/4.8.4/../../../../arm-none-eabi/lib/armv6-m/libc.a(lib_a-memset.o)
                              /Users/eric/Documents/gcc-arm-none-eabi-4_8-2014q3/bin/../lib/gcc/arm-none-eabi/4.8.4/../../../../arm-none-eabi/lib/armv6-m/crt0.o (memset)
/Users/eric/Documents/gcc-arm-none-eabi-4_8-2014q3/bin/../lib/gcc/arm-none-eabi/4.8.4/../../../../arm-none-eabi/lib/armv6-m/libc.a(lib_a-strlen.o)
                              _build/ble_srv_common.o (strlen)
/Users/eric/Documents/gcc-arm-none-eabi-4_8-2014q3/bin/../lib/gcc/arm-none-eabi/4.8.4/../../../../arm-none-eabi/lib/armv6-m/libc.a(lib_a-strncpy.o)
                              _build/ble_debug_assert_handler.o (strncpy)
/Users/eric/Documents/gcc-arm-none-eabi-4_8-2014q3/bin/../lib/gcc/arm-none-eabi/4.8.4/../../../../arm-none-eabi/lib/armv6-m/libc.a(lib_a-__call_atexit.o)
                              /Users/eric/Documents/gcc-arm-none-eabi-4_8-2014q3/bin/../lib/gcc/arm-none-eabi/4.8.4/../../../../arm-none-eabi/lib/armv6-m/libc.a(lib_a-exit.o) (__call_exitprocs)
/Users/eric/Documents/gcc-arm-none-eabi-4_8-2014q3/bin/../lib/gcc/arm-none-eabi/4.8.4/../../../../arm-none-eabi/lib/armv6-m/libc.a(lib_a-atexit.o)
                              /Users/eric/Documents/gcc-arm-none-eabi-4_8-2014q3/bin/../lib/gcc/arm-none-eabi/4.8.4/../../../../arm-none-eabi/lib/armv6-m/libc.a(lib_a-__call_atexit.o) (atexit)
/Users/eric/Documents/gcc-arm-none-eabi-4_8-2014q3/bin/../lib/gcc/arm-none-eabi/4.8.4/../../../../arm-none-eabi/lib/armv6-m/libc.a(lib_a-fini.o)
                              /Users/eric/Documents/gcc-arm-none-eabi-4_8-2014q3/bin/../lib/gcc/arm-none-eabi/4.8.4/../../../../arm-none-eabi/lib/armv6-m/libc.a(lib_a-__call_atexit.o) (__libc_fini_array)
/Users/eric/Documents/gcc-arm-none-eabi-4_8-2014q3/bin/../lib/gcc/arm-none-eabi/4.8.4/../../../../arm-none-eabi/lib/armv6-m/libc.a(lib_a-__atexit.o)
                              /Users/eric/Documents/gcc-arm-none-eabi-4_8-2014q3/bin/../lib/gcc/arm-none-eabi/4.8.4/../../../../arm-none-eabi/lib/armv6-m/libc.a(lib_a-atexit.o) (__register_exitproc)
/Users/eric/Documents/gcc-arm-none-eabi-4_8-2014q3/bin/../lib/gcc/arm-none-eabi/4.8.4/../../../../arm-none-eabi/lib/armv6-m/libnosys.a(_exit.o)
                              /Users/eric/Documents/gcc-arm-none-eabi-4_8-2014q3/bin/../lib/gcc/arm-none-eabi/4.8.4/../../../../arm-none-eabi/lib/armv6-m/libc.a(lib_a-exit.o) (_exit)

Allocating common symbols
Common symbol       size              file

__stdin             0x68              _build/app_trace.o
__stdout            0x68              _build/app_trace.o

Discarded input sections

 .group         0x0000000000000000        0x8 _build/main.o
 .group         0x0000000000000000        0x8 _build/main.o
 .group         0x0000000000000000        0x8 _build/main.o
[...]
Memory Configuration

Name             Origin             Length             Attributes
FLASH            0x0000000000016000 0x000000000002a000 xr
RAM              0x0000000020002000 0x0000000000002000 xrw
*default*        0x0000000000000000 0xffffffffffffffff

Linker script and memory map

LOAD /Users/eric/Documents/gcc-arm-none-eabi-4_8-2014q3/bin/../lib/gcc/arm-none-eabi/4.8.4/armv6-m/crti.o
LOAD /Users/eric/Documents/gcc-arm-none-eabi-4_8-2014q3/bin/../lib/gcc/arm-none-eabi/4.8.4/armv6-m/crtbegin.o
LOAD /Users/eric/Documents/gcc-arm-none-eabi-4_8-2014q3/bin/../lib/gcc/arm-none-eabi/4.8.4/../../../../arm-none-eabi/lib/armv6-m/crt0.o
LOAD _build/main.o
LOAD _build/ble_dis.o
LOAD _build/ble_bas.o
LOAD _build/ble_wiegand.o
LOAD _build/ble_srv_common.o
LOAD _build/ble_sensorsim.o
LOAD _build/softdevice_handler.o
LOAD _build/ble_advdata.o
LOAD _build/ble_debug_assert_handler.o
LOAD _build/ble_error_log.o
LOAD _build/ble_conn_params.o
LOAD _build/app_timer.o
LOAD _build/pstorage.o
LOAD _build/crc16.o
LOAD _build/device_manager_peripheral.o
LOAD _build/app_trace.o
LOAD _build/simple_uart.o
LOAD _build/app_gpiote.o
LOAD _build/app_button.o
LOAD _build/system_nrf51.o
LOAD _build/gcc_startup_nrf51.o
START GROUP
LOAD /Users/eric/Documents/gcc-arm-none-eabi-4_8-2014q3/bin/../lib/gcc/arm-none-eabi/4.8.4/armv6-m/libgcc.a
LOAD /Users/eric/Documents/gcc-arm-none-eabi-4_8-2014q3/bin/../lib/gcc/arm-none-eabi/4.8.4/../../../../arm-none-eabi/lib/armv6-m/libc.a
END GROUP
LOAD /Users/eric/Documents/gcc-arm-none-eabi-4_8-2014q3/bin/../lib/gcc/arm-none-eabi/4.8.4/armv6-m/crtend.o
LOAD /Users/eric/Documents/gcc-arm-none-eabi-4_8-2014q3/bin/../lib/gcc/arm-none-eabi/4.8.4/armv6-m/crtn.o
START GROUP
LOAD /Users/eric/Documents/gcc-arm-none-eabi-4_8-2014q3/bin/../lib/gcc/arm-none-eabi/4.8.4/armv6-m/libgcc.a
LOAD /Users/eric/Documents/gcc-arm-none-eabi-4_8-2014q3/bin/../lib/gcc/arm-none-eabi/4.8.4/../../../../arm-none-eabi/lib/armv6-m/libc.a
LOAD /Users/eric/Documents/gcc-arm-none-eabi-4_8-2014q3/bin/../lib/gcc/arm-none-eabi/4.8.4/../../../../arm-none-eabi/lib/armv6-m/libnosys.a
END GROUP

.text           0x0000000000016000     0xad5c
 *(.Vectors)
 .Vectors       0x0000000000016000       0xc0 _build/gcc_startup_nrf51.o
                0x0000000000016000                __Vectors
 *(.text*)
 .text          0x00000000000160c0        0x0 /Users/eric/Documents/gcc-arm-none-eabi-4_8-2014q3/bin/../lib/gcc/arm-none-eabi/4.8.4/armv6-m/crti.o
 .text          0x00000000000160c0       0x60 /Users/eric/Documents/gcc-arm-none-eabi-4_8-2014q3/bin/../lib/gcc/arm-none-eabi/4.8.4/armv6-m/crtbegin.o
 .text          0x0000000000016120       0x78 /Users/eric/Documents/gcc-arm-none-eabi-4_8-2014q3/bin/../lib/gcc/arm-none-eabi/4.8.4/../../../../arm-none-eabi/lib/armv6-m/crt0.o
                0x0000000000016120                _mainCRTStartup
                0x0000000000016120                _start
 .text          0x0000000000016198        0x0 _build/main.o
 .text.NVIC_GetPriority
                0x0000000000016198       0x78 _build/main.o
 .text.nrf_gpio_cfg_output
                0x0000000000016210       0x20 _build/main.o
 .text.nrf_gpio_cfg_sense_input
                0x0000000000016230       0x34 _build/main.o
 .text.nrf_gpio_pin_set
                0x0000000000016264       0x20 _build/main.o
 .text.nrf_gpio_pin_clear
                0x0000000000016284       0x20 _build/main.o
 .text.nrf_gpio_pin_read
                0x00000000000162a4       0x24 _build/main.o
 .text.sd_ble_gap_address_set
                0x00000000000162c8        0x8 _build/main.o
 .text.sd_ble_gap_address_get
                0x00000000000162d0        0x8 _build/main.o
 .text.sd_ble_gap_adv_data_set
                0x00000000000162d8        0x8 _build/main.o
 .text.sd_ble_gap_adv_start
                0x00000000000162e0        0x8 _build/main.o
 .text.sd_ble_gap_adv_stop
                0x00000000000162e8        0x8 _build/main.o
 .text.sd_ble_gap_conn_param_update
                0x00000000000162f0        0x8 _build/main.o
 .text.sd_ble_gap_disconnect
                0x00000000000162f8        0x8 _build/main.o
 .text.sd_ble_gap_tx_power_set
                0x0000000000016300        0x8 _build/main.o
 .text.sd_ble_gap_appearance_set
                0x0000000000016308        0x8 _build/main.o
 .text.sd_ble_gap_appearance_get
                0x0000000000016310        0x8 _build/main.o
 .text.sd_ble_gap_ppcp_set
                0x0000000000016318        0x8 _build/main.o
 .text.sd_ble_gap_ppcp_get
                0x0000000000016320        0x8 _build/main.o
 .text.sd_ble_gap_device_name_set
                0x0000000000016328        0x8 _build/main.o
 .text.sd_ble_gap_device_name_get
                0x0000000000016330        0x8 _build/main.o
 .text.sd_ble_gap_authenticate
                0x0000000000016338        0x8 _build/main.o
 .text.sd_ble_gap_sec_params_reply
                0x0000000000016340        0x8 _build/main.o
 .text.sd_ble_gap_auth_key_reply
                0x0000000000016348        0x8 _build/main.o
 .text.sd_ble_gap_sec_info_reply
                0x0000000000016350        0x8 _build/main.o
 .text.sd_ble_gap_conn_sec_get
                0x0000000000016358        0x8 _build/main.o
 .text.sd_ble_gap_rssi_start
                0x0000000000016360        0x8 _build/main.o
 .text.sd_ble_gap_rssi_stop
                0x0000000000016368        0x8 _build/main.o
 .text.sd_ble_l2cap_cid_register
                0x0000000000016370        0x8 _build/main.o
 .text.sd_ble_l2cap_cid_unregister
                0x0000000000016378        0x8 _build/main.o
 .text.sd_ble_l2cap_tx
                0x0000000000016380        0x8 _build/main.o
 .text.sd_ble_gattc_primary_services_discover
                0x0000000000016388        0x8 _build/main.o
 .text.sd_ble_gattc_relationships_discover
                0x0000000000016390        0x8 _build/main.o
 .text.sd_ble_gattc_characteristics_discover
                0x0000000000016398        0x8 _build/main.o
 .text.sd_ble_gattc_descriptors_discover
                0x00000000000163a0        0x8 _build/main.o
 .text.sd_ble_gattc_char_value_by_uuid_read
                0x00000000000163a8        0x8 _build/main.o
 .text.sd_ble_gattc_read
                0x00000000000163b0        0x8 _build/main.o
 .text.sd_ble_gattc_char_values_read
                0x00000000000163b8        0x8 _build/main.o
 .text.sd_ble_gattc_write
                0x00000000000163c0        0x8 _build/main.o
 .text.sd_ble_gattc_hv_confirm
                0x00000000000163c8        0x8 _build/main.o
 .text.sd_ble_gatts_service_add
                0x00000000000163d0        0x8 _build/main.o
 .text.sd_ble_gatts_include_add
                0x00000000000163d8        0x8 _build/main.o
 .text.sd_ble_gatts_characteristic_add
                0x00000000000163e0        0x8 _build/main.o
 .text.sd_ble_gatts_descriptor_add
                0x00000000000163e8        0x8 _build/main.o
 .text.sd_ble_gatts_value_set
                0x00000000000163f0        0x8 _build/main.o
 .text.sd_ble_gatts_value_get
                0x00000000000163f8        0x8 _build/main.o
 .text.sd_ble_gatts_hvx
                0x0000000000016400        0x8 _build/main.o
 .text.sd_ble_gatts_service_changed
                0x0000000000016408        0x8 _build/main.o
 .text.sd_ble_gatts_rw_authorize_reply
                0x0000000000016410        0x8 _build/main.o
 .text.sd_ble_gatts_sys_attr_set
                0x0000000000016418        0x8 _build/main.o
 .text.sd_ble_gatts_sys_attr_get
                0x0000000000016420        0x8 _build/main.o
 .text.sd_ble_enable
                0x0000000000016428        0x8 _build/main.o
 .text.sd_ble_evt_get
                0x0000000000016430        0x8 _build/main.o
 .text.sd_ble_tx_buffer_count_get
                0x0000000000016438        0x8 _build/main.o
 .text.sd_ble_uuid_vs_add
                0x0000000000016440        0x8 _build/main.o
 .text.sd_ble_uuid_decode
                0x0000000000016448        0x8 _build/main.o
 .text.sd_ble_uuid_encode
                0x0000000000016450        0x8 _build/main.o
 .text.sd_ble_version_get
                0x0000000000016458        0x8 _build/main.o
 .text.sd_ble_user_mem_reply
                0x0000000000016460        0x8 _build/main.o
 .text.sd_ble_opt_set
                0x0000000000016468        0x8 _build/main.o
 .text.sd_ble_opt_get
                0x0000000000016470        0x8 _build/main.o
 .text.sd_mutex_new
                0x0000000000016478        0x8 _build/main.o
 .text.sd_mutex_acquire
                0x0000000000016480        0x8 _build/main.o
 .text.sd_mutex_release
                0x0000000000016488        0x8 _build/main.o
 .text.sd_nvic_EnableIRQ
                0x0000000000016490        0x8 _build/main.o
 .text.sd_nvic_DisableIRQ
                0x0000000000016498        0x8 _build/main.o
 .text.sd_nvic_GetPendingIRQ
                0x00000000000164a0        0x8 _build/main.o
 .text.sd_nvic_SetPendingIRQ
                0x00000000000164a8        0x8 _build/main.o
 .text.sd_nvic_ClearPendingIRQ
                0x00000000000164b0        0x8 _build/main.o
 .text.sd_nvic_SetPriority
                0x00000000000164b8        0x8 _build/main.o
 .text.sd_nvic_GetPriority
                0x00000000000164c0        0x8 _build/main.o
 .text.sd_nvic_SystemReset
                0x00000000000164c8        0x8 _build/main.o
 .text.sd_nvic_critical_region_enter
                0x00000000000164d0        0x8 _build/main.o
 .text.sd_nvic_critical_region_exit
                0x00000000000164d8        0x8 _build/main.o
 .text.sd_rand_application_pool_capacity_get
                0x00000000000164e0        0x8 _build/main.o
 .text.sd_rand_application_bytes_available_get
                0x00000000000164e8        0x8 _build/main.o
 .text.sd_rand_application_vector_get
                0x00000000000164f0        0x8 _build/main.o
 .text.sd_power_reset_reason_get
                0x00000000000164f8        0x8 _build/main.o
 .text.sd_power_reset_reason_clr
                0x0000000000016500        0x8 _build/main.o
 .text.sd_power_mode_set
                0x0000000000016508        0x8 _build/main.o
 .text.sd_power_system_off
                0x0000000000016510        0x8 _build/main.o
 .text.sd_power_pof_enable
                0x0000000000016518        0x8 _build/main.o
 .text.sd_power_pof_threshold_set
                0x0000000000016520        0x8 _build/main.o
 .text.sd_power_ramon_set
                0x0000000000016528        0x8 _build/main.o
 .text.sd_power_ramon_clr
                0x0000000000016530        0x8 _build/main.o
 .text.sd_power_ramon_get
                0x0000000000016538        0x8 _build/main.o
 .text.sd_power_gpregret_set
                0x0000000000016540        0x8 _build/main.o
 .text.sd_power_gpregret_clr
                0x0000000000016548        0x8 _build/main.o
 .text.sd_power_gpregret_get
                0x0000000000016550        0x8 _build/main.o
 .text.sd_power_dcdc_mode_set
                0x0000000000016558        0x8 _build/main.o
 .text.sd_clock_hfclk_request
                0x0000000000016560        0x8 _build/main.o
 .text.sd_clock_hfclk_release
                0x0000000000016568        0x8 _build/main.o
 .text.sd_clock_hfclk_is_running
                0x0000000000016570        0x8 _build/main.o
 .text.sd_app_evt_wait
                0x0000000000016578        0x8 _build/main.o
 .text.sd_ppi_channel_enable_get
                0x0000000000016580        0x8 _build/main.o
 .text.sd_ppi_channel_enable_set
                0x0000000000016588        0x8 _build/main.o
 .text.sd_ppi_channel_enable_clr
                0x0000000000016590        0x8 _build/main.o
 .text.sd_ppi_channel_assign
                0x0000000000016598        0x8 _build/main.o
 .text.sd_ppi_group_task_enable
                0x00000000000165a0        0x8 _build/main.o
 .text.sd_ppi_group_task_disable
                0x00000000000165a8        0x8 _build/main.o
 .text.sd_ppi_group_assign
                0x00000000000165b0        0x8 _build/main.o
 .text.sd_ppi_group_get
                0x00000000000165b8        0x8 _build/main.o
 .text.sd_radio_notification_cfg_set
                0x00000000000165c0        0x8 _build/main.o
 .text.sd_ecb_block_encrypt
                0x00000000000165c8        0x8 _build/main.o
 .text.sd_evt_get
                0x00000000000165d0        0x8 _build/main.o
 .text.sd_temp_get
                0x00000000000165d8        0x8 _build/main.o
 .text.sd_flash_write
                0x00000000000165e0        0x8 _build/main.o
 .text.sd_flash_page_erase
                0x00000000000165e8        0x8 _build/main.o
 .text.sd_flash_protect
                0x00000000000165f0        0x8 _build/main.o
 .text.sd_radio_session_open
                0x00000000000165f8        0x8 _build/main.o
 .text.sd_radio_session_close
                0x0000000000016600        0x8 _build/main.o
 .text.sd_radio_request
                0x0000000000016608        0x8 _build/main.o
 .text.sd_softdevice_enable
                0x0000000000016610        0x8 _build/main.o
 .text.sd_softdevice_disable
                0x0000000000016618        0x8 _build/main.o
 .text.sd_softdevice_is_enabled
                0x0000000000016620        0x8 _build/main.o
 .text.sd_softdevice_vector_table_base_set
                0x0000000000016628        0x8 _build/main.o
 .text.current_int_priority_get
                0x0000000000016630       0x3c _build/main.o
 .text.app_error_handler
                0x000000000001666c       0xa8 _build/main.o
                0x000000000001666c                app_error_handler
 .text.assert_nrf_callback
                0x0000000000016714       0x2c _build/main.o
                0x0000000000016714                assert_nrf_callback
 .text.battery_level_update
                0x0000000000016740       0x74 _build/main.o
 .text.battery_level_meas_timeout_handler
                0x00000000000167b4       0x14 _build/main.o
 .text.heart_rate_meas_timeout_handler
                0x00000000000167c8       0xa8 _build/main.o
 .text.rr_interval_timeout_handler
                0x0000000000016870       0x4c _build/main.o
 .text.sensor_contact_detected_timeout_handler
                0x00000000000168bc       0x40 _build/main.o
 .text.leds_init
                0x00000000000168fc       0x1c _build/main.o
 .text.timers_init
                0x0000000000016918      0x120 _build/main.o
 .text.gap_params_init
                0x0000000000016a38       0xec _build/main.o
 .text.advertising_init
                0x0000000000016b24       0xcc _build/main.o
 .text.services_init
                0x0000000000016bf0      0x260 _build/main.o
 .text.sensor_sim_init
                0x0000000000016e50       0x90 _build/main.o
 .text.application_timers_start
                0x0000000000016ee0       0xf0 _build/main.o
 .text.advertising_start
                0x0000000000016fd0       0x80 _build/main.o
 .text.on_conn_params_evt
                0x0000000000017050       0x4c _build/main.o
 .text.conn_params_error_handler
                0x000000000001709c       0x24 _build/main.o
 .text.conn_params_init
                0x00000000000170c0       0x88 _build/main.o
 .text.on_ble_evt
                0x0000000000017148       0x84 _build/main.o
 .text.on_sys_evt
                0x00000000000171cc       0x34 _build/main.o
 .text.ble_evt_dispatch
                0x0000000000017200       0x48 _build/main.o
 .text.sys_evt_dispatch
                0x0000000000017248       0x20 _build/main.o
 .text.ble_stack_init
                0x0000000000017268       0xdc _build/main.o
 .text.buttons_init
                0x0000000000017344       0x1c _build/main.o
 .text.device_manager_evt_handler
                0x0000000000017360       0x38 _build/main.o
 .text.device_manager_init
                0x0000000000017398      0x104 _build/main.o
 .text.power_manage
                0x000000000001749c       0x34 _build/main.o
 .text.main     0x00000000000174d0       0x3c _build/main.o
                0x00000000000174d0                main
 .text          0x000000000001750c        0x0 _build/ble_dis.o
 .text.uint16_encode
                0x000000000001750c       0x34 _build/ble_dis.o
 .text.sd_ble_gap_address_set
                0x0000000000017540        0x8 _build/ble_dis.o
 .text.sd_ble_gap_address_get
                0x0000000000017548        0x8 _build/ble_dis.o
 .text.sd_ble_gap_adv_data_set
                0x0000000000017550        0x8 _build/ble_dis.o
 .text.sd_ble_gap_adv_start
                0x0000000000017558        0x8 _build/ble_dis.o
 .text.sd_ble_gap_adv_stop
                0x0000000000017560        0x8 _build/ble_dis.o
 .text.sd_ble_gap_conn_param_update
                0x0000000000017568        0x8 _build/ble_dis.o
 .text.sd_ble_gap_disconnect
                0x0000000000017570        0x8 _build/ble_dis.o
 .text.sd_ble_gap_tx_power_set
                0x0000000000017578        0x8 _build/ble_dis.o
 .text.sd_ble_gap_appearance_set
                0x0000000000017580        0x8 _build/ble_dis.o
 .text.sd_ble_gap_appearance_get
                0x0000000000017588        0x8 _build/ble_dis.o
 .text.sd_ble_gap_ppcp_set
                0x0000000000017590        0x8 _build/ble_dis.o
 .text.sd_ble_gap_ppcp_get
                0x0000000000017598        0x8 _build/ble_dis.o
 .text.sd_ble_gap_device_name_set
                0x00000000000175a0        0x8 _build/ble_dis.o
 .text.sd_ble_gap_device_name_get
                0x00000000000175a8        0x8 _build/ble_dis.o
 .text.sd_ble_gap_authenticate
                0x00000000000175b0        0x8 _build/ble_dis.o
 .text.sd_ble_gap_sec_params_reply
                0x00000000000175b8        0x8 _build/ble_dis.o
 .text.sd_ble_gap_auth_key_reply
                0x00000000000175c0        0x8 _build/ble_dis.o
 .text.sd_ble_gap_sec_info_reply
                0x00000000000175c8        0x8 _build/ble_dis.o
 .text.sd_ble_gap_conn_sec_get
                0x00000000000175d0        0x8 _build/ble_dis.o
 .text.sd_ble_gap_rssi_start
                0x00000000000175d8        0x8 _build/ble_dis.o
 .text.sd_ble_gap_rssi_stop
                0x00000000000175e0        0x8 _build/ble_dis.o
 .text.sd_ble_l2cap_cid_register
                0x00000000000175e8        0x8 _build/ble_dis.o
 .text.sd_ble_l2cap_cid_unregister
                0x00000000000175f0        0x8 _build/ble_dis.o
 .text.sd_ble_l2cap_tx
                0x00000000000175f8        0x8 _build/ble_dis.o
 .text.sd_ble_gatts_service_add
                0x0000000000017600        0x8 _build/ble_dis.o
 .text.sd_ble_gatts_include_add
                0x0000000000017608        0x8 _build/ble_dis.o
 .text.sd_ble_gatts_characteristic_add
                0x0000000000017610        0x8 _build/ble_dis.o
 .text.sd_ble_gatts_descriptor_add
                0x0000000000017618        0x8 _build/ble_dis.o
 .text.sd_ble_gatts_value_set
                0x0000000000017620        0x8 _build/ble_dis.o
 .text.sd_ble_gatts_value_get
                0x0000000000017628        0x8 _build/ble_dis.o
 .text.sd_ble_gatts_hvx
                0x0000000000017630        0x8 _build/ble_dis.o
 .text.sd_ble_gatts_service_changed
                0x0000000000017638        0x8 _build/ble_dis.o
 .text.sd_ble_gatts_rw_authorize_reply
                0x0000000000017640        0x8 _build/ble_dis.o
 .text.sd_ble_gatts_sys_attr_set
                0x0000000000017648        0x8 _build/ble_dis.o
 .text.sd_ble_gatts_sys_attr_get
                0x0000000000017650        0x8 _build/ble_dis.o
 .text.sys_id_encode
                0x0000000000017658      0x168 _build/ble_dis.o
 .text.pnp_id_encode
                0x00000000000177c0      0x12c _build/ble_dis.o
 .text.char_add
                0x00000000000178ec      0x188 _build/ble_dis.o
 .text.ble_dis_init
                0x0000000000017a74      0x248 _build/ble_dis.o
                0x0000000000017a74                ble_dis_init
 .text          0x0000000000017cbc        0x0 _build/ble_bas.o
 .text.sd_ble_gap_address_set
                0x0000000000017cbc        0x8 _build/ble_bas.o
 .text.sd_ble_gap_address_get
                0x0000000000017cc4        0x8 _build/ble_bas.o
 .text.sd_ble_gap_adv_data_set
                0x0000000000017ccc        0x8 _build/ble_bas.o
 .text.sd_ble_gap_adv_start
                0x0000000000017cd4        0x8 _build/ble_bas.o
 .text.sd_ble_gap_adv_stop
                0x0000000000017cdc        0x8 _build/ble_bas.o
 .text.sd_ble_gap_conn_param_update
                0x0000000000017ce4        0x8 _build/ble_bas.o
 .text.sd_ble_gap_disconnect
                0x0000000000017cec        0x8 _build/ble_bas.o
 .text.sd_ble_gap_tx_power_set
                0x0000000000017cf4        0x8 _build/ble_bas.o
 .text.sd_ble_gap_appearance_set
                0x0000000000017cfc        0x8 _build/ble_bas.o
 .text.sd_ble_gap_appearance_get
                0x0000000000017d04        0x8 _build/ble_bas.o
 .text.sd_ble_gap_ppcp_set
                0x0000000000017d0c        0x8 _build/ble_bas.o
 .text.sd_ble_gap_ppcp_get
                0x0000000000017d14        0x8 _build/ble_bas.o
 .text.sd_ble_gap_device_name_set
                0x0000000000017d1c        0x8 _build/ble_bas.o
 .text.sd_ble_gap_device_name_get
                0x0000000000017d24        0x8 _build/ble_bas.o
 .text.sd_ble_gap_authenticate
                0x0000000000017d2c        0x8 _build/ble_bas.o
 .text.sd_ble_gap_sec_params_reply
                0x0000000000017d34        0x8 _build/ble_bas.o
 .text.sd_ble_gap_auth_key_reply
                0x0000000000017d3c        0x8 _build/ble_bas.o
 .text.sd_ble_gap_sec_info_reply
                0x0000000000017d44        0x8 _build/ble_bas.o
 .text.sd_ble_gap_conn_sec_get
                0x0000000000017d4c        0x8 _build/ble_bas.o
 .text.sd_ble_gap_rssi_start
                0x0000000000017d54        0x8 _build/ble_bas.o
 .text.sd_ble_gap_rssi_stop
                0x0000000000017d5c        0x8 _build/ble_bas.o
 .text.sd_ble_l2cap_cid_register
                0x0000000000017d64        0x8 _build/ble_bas.o
 .text.sd_ble_l2cap_cid_unregister
                0x0000000000017d6c        0x8 _build/ble_bas.o
 .text.sd_ble_l2cap_tx
                0x0000000000017d74        0x8 _build/ble_bas.o
 .text.sd_ble_gattc_primary_services_discover
                0x0000000000017d7c        0x8 _build/ble_bas.o
 .text.sd_ble_gattc_relationships_discover
                0x0000000000017d84        0x8 _build/ble_bas.o
 .text.sd_ble_gattc_characteristics_discover
                0x0000000000017d8c        0x8 _build/ble_bas.o
 .text.sd_ble_gattc_descriptors_discover
                0x0000000000017d94        0x8 _build/ble_bas.o
 .text.sd_ble_gattc_char_value_by_uuid_read
                0x0000000000017d9c        0x8 _build/ble_bas.o
 .text.sd_ble_gattc_read
                0x0000000000017da4        0x8 _build/ble_bas.o
 .text.sd_ble_gattc_char_values_read
                0x0000000000017dac        0x8 _build/ble_bas.o
 .text.sd_ble_gattc_write
                0x0000000000017db4        0x8 _build/ble_bas.o
 .text.sd_ble_gattc_hv_confirm
                0x0000000000017dbc        0x8 _build/ble_bas.o
 .text.sd_ble_gatts_service_add
                0x0000000000017dc4        0x8 _build/ble_bas.o
 .text.sd_ble_gatts_include_add
                0x0000000000017dcc        0x8 _build/ble_bas.o
 .text.sd_ble_gatts_characteristic_add
                0x0000000000017dd4        0x8 _build/ble_bas.o
 .text.sd_ble_gatts_descriptor_add
                0x0000000000017ddc        0x8 _build/ble_bas.o
 .text.sd_ble_gatts_value_set
                0x0000000000017de4        0x8 _build/ble_bas.o
 .text.sd_ble_gatts_value_get
                0x0000000000017dec        0x8 _build/ble_bas.o
 .text.sd_ble_gatts_hvx
                0x0000000000017df4        0x8 _build/ble_bas.o
 .text.sd_ble_gatts_service_changed
                0x0000000000017dfc        0x8 _build/ble_bas.o
 .text.sd_ble_gatts_rw_authorize_reply
                0x0000000000017e04        0x8 _build/ble_bas.o
 .text.sd_ble_gatts_sys_attr_set
                0x0000000000017e0c        0x8 _build/ble_bas.o
 .text.sd_ble_gatts_sys_attr_get
                0x0000000000017e14        0x8 _build/ble_bas.o
 .text.sd_ble_enable
                0x0000000000017e1c        0x8 _build/ble_bas.o
 .text.sd_ble_evt_get
                0x0000000000017e24        0x8 _build/ble_bas.o
 .text.sd_ble_tx_buffer_count_get
                0x0000000000017e2c        0x8 _build/ble_bas.o
 .text.sd_ble_uuid_vs_add
                0x0000000000017e34        0x8 _build/ble_bas.o
 .text.sd_ble_uuid_decode
                0x0000000000017e3c        0x8 _build/ble_bas.o
 .text.sd_ble_uuid_encode
                0x0000000000017e44        0x8 _build/ble_bas.o
 .text.sd_ble_version_get
                0x0000000000017e4c        0x8 _build/ble_bas.o
 .text.sd_ble_user_mem_reply
                0x0000000000017e54        0x8 _build/ble_bas.o
 .text.sd_ble_opt_set
                0x0000000000017e5c        0x8 _build/ble_bas.o
 .text.sd_ble_opt_get
                0x0000000000017e64        0x8 _build/ble_bas.o
 .text.uint16_decode
                0x0000000000017e6c       0x28 _build/ble_bas.o
 .text.ble_srv_is_notification_enabled
                0x0000000000017e94       0x30 _build/ble_bas.o
 .text.on_connect
                0x0000000000017ec4       0x18 _build/ble_bas.o
 .text.on_disconnect
                0x0000000000017edc       0x18 _build/ble_bas.o
 .text.on_write
                0x0000000000017ef4       0x6c _build/ble_bas.o
 .text.ble_bas_on_ble_evt
                0x0000000000017f60       0x4c _build/ble_bas.o
                0x0000000000017f60                ble_bas_on_ble_evt
 .text.battery_level_char_add
                0x0000000000017fac      0x2c0 _build/ble_bas.o
 .text.ble_bas_init
                0x000000000001826c       0x74 _build/ble_bas.o
                0x000000000001826c                ble_bas_init
 .text.ble_bas_battery_level_update
                0x00000000000182e0       0xcc _build/ble_bas.o
                0x00000000000182e0                ble_bas_battery_level_update
 .text          0x00000000000183ac        0x0 _build/ble_wiegand.o
 .text.sd_ble_gap_address_set
                0x00000000000183ac        0x8 _build/ble_wiegand.o
 .text.sd_ble_gap_address_get
                0x00000000000183b4        0x8 _build/ble_wiegand.o
 .text.sd_ble_gap_adv_data_set
                0x00000000000183bc        0x8 _build/ble_wiegand.o
 .text.sd_ble_gap_adv_start
                0x00000000000183c4        0x8 _build/ble_wiegand.o
 .text.sd_ble_gap_adv_stop
                0x00000000000183cc        0x8 _build/ble_wiegand.o
 .text.sd_ble_gap_conn_param_update
                0x00000000000183d4        0x8 _build/ble_wiegand.o
 .text.sd_ble_gap_disconnect
                0x00000000000183dc        0x8 _build/ble_wiegand.o
 .text.sd_ble_gap_tx_power_set
                0x00000000000183e4        0x8 _build/ble_wiegand.o
 .text.sd_ble_gap_appearance_set
                0x00000000000183ec        0x8 _build/ble_wiegand.o
 .text.sd_ble_gap_appearance_get
                0x00000000000183f4        0x8 _build/ble_wiegand.o
 .text.sd_ble_gap_ppcp_set
                0x00000000000183fc        0x8 _build/ble_wiegand.o
 .text.sd_ble_gap_ppcp_get
                0x0000000000018404        0x8 _build/ble_wiegand.o
 .text.sd_ble_gap_device_name_set
                0x000000000001840c        0x8 _build/ble_wiegand.o
 .text.sd_ble_gap_device_name_get
                0x0000000000018414        0x8 _build/ble_wiegand.o
 .text.sd_ble_gap_authenticate
                0x000000000001841c        0x8 _build/ble_wiegand.o
 .text.sd_ble_gap_sec_params_reply
                0x0000000000018424        0x8 _build/ble_wiegand.o
 .text.sd_ble_gap_auth_key_reply
                0x000000000001842c        0x8 _build/ble_wiegand.o
 .text.sd_ble_gap_sec_info_reply
                0x0000000000018434        0x8 _build/ble_wiegand.o
 .text.sd_ble_gap_conn_sec_get
                0x000000000001843c        0x8 _build/ble_wiegand.o
 .text.sd_ble_gap_rssi_start
                0x0000000000018444        0x8 _build/ble_wiegand.o
 .text.sd_ble_gap_rssi_stop
                0x000000000001844c        0x8 _build/ble_wiegand.o
 .text.sd_ble_l2cap_cid_register
                0x0000000000018454        0x8 _build/ble_wiegand.o
 .text.sd_ble_l2cap_cid_unregister
                0x000000000001845c        0x8 _build/ble_wiegand.o
 .text.sd_ble_l2cap_tx
                0x0000000000018464        0x8 _build/ble_wiegand.o
 .text.sd_ble_gattc_primary_services_discover
                0x000000000001846c        0x8 _build/ble_wiegand.o
 .text.sd_ble_gattc_relationships_discover
                0x0000000000018474        0x8 _build/ble_wiegand.o
 .text.sd_ble_gattc_characteristics_discover
                0x000000000001847c        0x8 _build/ble_wiegand.o
 .text.sd_ble_gattc_descriptors_discover
                0x0000000000018484        0x8 _build/ble_wiegand.o
 .text.sd_ble_gattc_char_value_by_uuid_read
                0x000000000001848c        0x8 _build/ble_wiegand.o
 .text.sd_ble_gattc_read
                0x0000000000018494        0x8 _build/ble_wiegand.o
 .text.sd_ble_gattc_char_values_read
                0x000000000001849c        0x8 _build/ble_wiegand.o
 .text.sd_ble_gattc_write
                0x00000000000184a4        0x8 _build/ble_wiegand.o
 .text.sd_ble_gattc_hv_confirm
                0x00000000000184ac        0x8 _build/ble_wiegand.o
 .text.sd_ble_gatts_service_add
                0x00000000000184b4        0x8 _build/ble_wiegand.o
 .text.sd_ble_gatts_include_add
                0x00000000000184bc        0x8 _build/ble_wiegand.o
 .text.sd_ble_gatts_characteristic_add
                0x00000000000184c4        0x8 _build/ble_wiegand.o
 .text.sd_ble_gatts_descriptor_add
                0x00000000000184cc        0x8 _build/ble_wiegand.o
 .text.sd_ble_gatts_value_set
                0x00000000000184d4        0x8 _build/ble_wiegand.o
 .text.sd_ble_gatts_value_get
                0x00000000000184dc        0x8 _build/ble_wiegand.o
 .text.sd_ble_gatts_hvx
                0x00000000000184e4        0x8 _build/ble_wiegand.o
 .text.sd_ble_gatts_service_changed
                0x00000000000184ec        0x8 _build/ble_wiegand.o
 .text.sd_ble_gatts_rw_authorize_reply
                0x00000000000184f4        0x8 _build/ble_wiegand.o
 .text.sd_ble_gatts_sys_attr_set
                0x00000000000184fc        0x8 _build/ble_wiegand.o
 .text.sd_ble_gatts_sys_attr_get
                0x0000000000018504        0x8 _build/ble_wiegand.o
 .text.sd_ble_enable
                0x000000000001850c        0x8 _build/ble_wiegand.o
 .text.sd_ble_evt_get
                0x0000000000018514        0x8 _build/ble_wiegand.o
 .text.sd_ble_tx_buffer_count_get
                0x000000000001851c        0x8 _build/ble_wiegand.o
 .text.sd_ble_uuid_vs_add
                0x0000000000018524        0x8 _build/ble_wiegand.o
 .text.sd_ble_uuid_decode
                0x000000000001852c        0x8 _build/ble_wiegand.o
 .text.sd_ble_uuid_encode
                0x0000000000018534        0x8 _build/ble_wiegand.o
 .text.sd_ble_version_get
                0x000000000001853c        0x8 _build/ble_wiegand.o
 .text.sd_ble_user_mem_reply
                0x0000000000018544        0x8 _build/ble_wiegand.o
 .text.sd_ble_opt_set
                0x000000000001854c        0x8 _build/ble_wiegand.o
 .text.sd_ble_opt_get
                0x0000000000018554        0x8 _build/ble_wiegand.o
 .text.uint16_encode
                0x000000000001855c       0x34 _build/ble_wiegand.o
 .text.uint16_decode
                0x0000000000018590       0x28 _build/ble_wiegand.o
 .text.ble_srv_is_notification_enabled
                0x00000000000185b8       0x30 _build/ble_wiegand.o
 .text.on_connect
                0x00000000000185e8       0x18 _build/ble_wiegand.o
 .text.on_disconnect
                0x0000000000018600       0x18 _build/ble_wiegand.o
 .text.on_hrm_cccd_write
                0x0000000000018618       0x54 _build/ble_wiegand.o
 .text.on_write
                0x000000000001866c       0x30 _build/ble_wiegand.o
 .text.ble_hrs_on_ble_evt
                0x000000000001869c       0x4c _build/ble_wiegand.o
                0x000000000001869c                ble_hrs_on_ble_evt
 .text.hrm_encode
                0x00000000000186e8      0x180 _build/ble_wiegand.o
 .text.heart_rate_measurement_char_add
                0x0000000000018868      0x174 _build/ble_wiegand.o
 .text.body_sensor_location_char_add
                0x00000000000189dc      0x118 _build/ble_wiegand.o
 .text.ble_hrs_init
                0x0000000000018af4       0xac _build/ble_wiegand.o
                0x0000000000018af4                ble_hrs_init
 .text.ble_hrs_heart_rate_measurement_send
                0x0000000000018ba0       0xc4 _build/ble_wiegand.o
                0x0000000000018ba0                ble_hrs_heart_rate_measurement_send
 .text.ble_hrs_rr_interval_add
                0x0000000000018c64       0x60 _build/ble_wiegand.o
                0x0000000000018c64                ble_hrs_rr_interval_add
 .text.ble_hrs_rr_interval_buffer_is_full
                0x0000000000018cc4       0x20 _build/ble_wiegand.o
                0x0000000000018cc4                ble_hrs_rr_interval_buffer_is_full
 .text.ble_hrs_sensor_contact_supported_set
                0x0000000000018ce4       0x34 _build/ble_wiegand.o
                0x0000000000018ce4                ble_hrs_sensor_contact_supported_set
 .text.ble_hrs_sensor_contact_detected_update
                0x0000000000018d18       0x20 _build/ble_wiegand.o
                0x0000000000018d18                ble_hrs_sensor_contact_detected_update
 .text.ble_hrs_body_sensor_location_set
                0x0000000000018d38       0x34 _build/ble_wiegand.o
                0x0000000000018d38                ble_hrs_body_sensor_location_set
 .text          0x0000000000018d6c        0x0 _build/ble_srv_common.o
 .text.sd_ble_gap_address_set
                0x0000000000018d6c        0x8 _build/ble_srv_common.o
 .text.sd_ble_gap_address_get
                0x0000000000018d74        0x8 _build/ble_srv_common.o
 .text.sd_ble_gap_adv_data_set
                0x0000000000018d7c        0x8 _build/ble_srv_common.o
 .text.sd_ble_gap_adv_start
                0x0000000000018d84        0x8 _build/ble_srv_common.o
 .text.sd_ble_gap_adv_stop
                0x0000000000018d8c        0x8 _build/ble_srv_common.o
 .text.sd_ble_gap_conn_param_update
                0x0000000000018d94        0x8 _build/ble_srv_common.o
 .text.sd_ble_gap_disconnect
                0x0000000000018d9c        0x8 _build/ble_srv_common.o
 .text.sd_ble_gap_tx_power_set
                0x0000000000018da4        0x8 _build/ble_srv_common.o
 .text.sd_ble_gap_appearance_set
                0x0000000000018dac        0x8 _build/ble_srv_common.o
 .text.sd_ble_gap_appearance_get
                0x0000000000018db4        0x8 _build/ble_srv_common.o
 .text.sd_ble_gap_ppcp_set
                0x0000000000018dbc        0x8 _build/ble_srv_common.o
 .text.sd_ble_gap_ppcp_get
                0x0000000000018dc4        0x8 _build/ble_srv_common.o
 .text.sd_ble_gap_device_name_set
                0x0000000000018dcc        0x8 _build/ble_srv_common.o
 .text.sd_ble_gap_device_name_get
                0x0000000000018dd4        0x8 _build/ble_srv_common.o
 .text.sd_ble_gap_authenticate
                0x0000000000018ddc        0x8 _build/ble_srv_common.o
 .text.sd_ble_gap_sec_params_reply
                0x0000000000018de4        0x8 _build/ble_srv_common.o
 .text.sd_ble_gap_auth_key_reply
                0x0000000000018dec        0x8 _build/ble_srv_common.o
 .text.sd_ble_gap_sec_info_reply
                0x0000000000018df4        0x8 _build/ble_srv_common.o
 .text.sd_ble_gap_conn_sec_get
                0x0000000000018dfc        0x8 _build/ble_srv_common.o
 .text.sd_ble_gap_rssi_start
                0x0000000000018e04        0x8 _build/ble_srv_common.o
 .text.sd_ble_gap_rssi_stop
                0x0000000000018e0c        0x8 _build/ble_srv_common.o
 .text.ble_srv_report_ref_encode
                0x0000000000018e14       0x84 _build/ble_srv_common.o
                0x0000000000018e14                ble_srv_report_ref_encode
 .text.ble_srv_ascii_to_utf8
                0x0000000000018e98       0x28 _build/ble_srv_common.o
                0x0000000000018e98                ble_srv_ascii_to_utf8
 .text          0x0000000000018ec0        0x0 _build/ble_sensorsim.o
 .text.ble_sensorsim_init
                0x0000000000018ec0       0x38 _build/ble_sensorsim.o
                0x0000000000018ec0                ble_sensorsim_init
 .text.ble_sensorsim_measure
                0x0000000000018ef8       0x80 _build/ble_sensorsim.o
                0x0000000000018ef8                ble_sensorsim_measure
 .text          0x0000000000018f78        0x0 _build/softdevice_handler.o
 .text.sd_mutex_new
                0x0000000000018f78        0x8 _build/softdevice_handler.o
 .text.sd_mutex_acquire
                0x0000000000018f80        0x8 _build/softdevice_handler.o
 .text.sd_mutex_release
                0x0000000000018f88        0x8 _build/softdevice_handler.o
 .text.sd_nvic_EnableIRQ
                0x0000000000018f90        0x8 _build/softdevice_handler.o
 .text.sd_nvic_DisableIRQ
                0x0000000000018f98        0x8 _build/softdevice_handler.o
 .text.sd_nvic_GetPendingIRQ
                0x0000000000018fa0        0x8 _build/softdevice_handler.o
 .text.sd_nvic_SetPendingIRQ
                0x0000000000018fa8        0x8 _build/softdevice_handler.o
 .text.sd_nvic_ClearPendingIRQ
                0x0000000000018fb0        0x8 _build/softdevice_handler.o
 .text.sd_nvic_SetPriority
                0x0000000000018fb8        0x8 _build/softdevice_handler.o
 .text.sd_nvic_GetPriority
                0x0000000000018fc0        0x8 _build/softdevice_handler.o
 .text.sd_nvic_SystemReset
                0x0000000000018fc8        0x8 _build/softdevice_handler.o
 .text.sd_nvic_critical_region_enter
                0x0000000000018fd0        0x8 _build/softdevice_handler.o
 .text.sd_nvic_critical_region_exit
                0x0000000000018fd8        0x8 _build/softdevice_handler.o
 .text.sd_rand_application_pool_capacity_get
                0x0000000000018fe0        0x8 _build/softdevice_handler.o
 .text.sd_rand_application_bytes_available_get
                0x0000000000018fe8        0x8 _build/softdevice_handler.o
 .text.sd_rand_application_vector_get
                0x0000000000018ff0        0x8 _build/softdevice_handler.o
 .text.sd_power_reset_reason_get
                0x0000000000018ff8        0x8 _build/softdevice_handler.o
 .text.sd_power_reset_reason_clr
                0x0000000000019000        0x8 _build/softdevice_handler.o
 .text.sd_power_mode_set
                0x0000000000019008        0x8 _build/softdevice_handler.o
 .text.sd_power_system_off
                0x0000000000019010        0x8 _build/softdevice_handler.o
 .text.sd_power_pof_enable
                0x0000000000019018        0x8 _build/softdevice_handler.o
 .text.sd_power_pof_threshold_set
                0x0000000000019020        0x8 _build/softdevice_handler.o
 .text.sd_power_ramon_set
                0x0000000000019028        0x8 _build/softdevice_handler.o
 .text.sd_power_ramon_clr
                0x0000000000019030        0x8 _build/softdevice_handler.o
 .text.sd_power_ramon_get
                0x0000000000019038        0x8 _build/softdevice_handler.o
 .text.sd_power_gpregret_set
                0x0000000000019040        0x8 _build/softdevice_handler.o
 .text.sd_power_gpregret_clr
                0x0000000000019048        0x8 _build/softdevice_handler.o
 .text.sd_power_gpregret_get
                0x0000000000019050        0x8 _build/softdevice_handler.o
 .text.sd_power_dcdc_mode_set
                0x0000000000019058        0x8 _build/softdevice_handler.o
 .text.sd_clock_hfclk_request
                0x0000000000019060        0x8 _build/softdevice_handler.o
 .text.sd_clock_hfclk_release
                0x0000000000019068        0x8 _build/softdevice_handler.o
 .text.sd_clock_hfclk_is_running
                0x0000000000019070        0x8 _build/softdevice_handler.o
 .text.sd_app_evt_wait
                0x0000000000019078        0x8 _build/softdevice_handler.o
 .text.sd_ppi_channel_enable_get
                0x0000000000019080        0x8 _build/softdevice_handler.o
 .text.sd_ppi_channel_enable_set
                0x0000000000019088        0x8 _build/softdevice_handler.o
 .text.sd_ppi_channel_enable_clr
                0x0000000000019090        0x8 _build/softdevice_handler.o
 .text.sd_ppi_channel_assign
                0x0000000000019098        0x8 _build/softdevice_handler.o
 .text.sd_ppi_group_task_enable
                0x00000000000190a0        0x8 _build/softdevice_handler.o
 .text.sd_ppi_group_task_disable
                0x00000000000190a8        0x8 _build/softdevice_handler.o
 .text.sd_ppi_group_assign
                0x00000000000190b0        0x8 _build/softdevice_handler.o
 .text.sd_ppi_group_get
                0x00000000000190b8        0x8 _build/softdevice_handler.o
 .text.sd_radio_notification_cfg_set
                0x00000000000190c0        0x8 _build/softdevice_handler.o
 .text.sd_ecb_block_encrypt
                0x00000000000190c8        0x8 _build/softdevice_handler.o
 .text.sd_evt_get
                0x00000000000190d0        0x8 _build/softdevice_handler.o
 .text.sd_temp_get
                0x00000000000190d8        0x8 _build/softdevice_handler.o
 .text.sd_flash_write
                0x00000000000190e0        0x8 _build/softdevice_handler.o
 .text.sd_flash_page_erase
                0x00000000000190e8        0x8 _build/softdevice_handler.o
 .text.sd_flash_protect
                0x00000000000190f0        0x8 _build/softdevice_handler.o
 .text.sd_radio_session_open
                0x00000000000190f8        0x8 _build/softdevice_handler.o
 .text.sd_radio_session_close
                0x0000000000019100        0x8 _build/softdevice_handler.o
 .text.sd_radio_request
                0x0000000000019108        0x8 _build/softdevice_handler.o
 .text.sd_softdevice_enable
                0x0000000000019110        0x8 _build/softdevice_handler.o
 .text.sd_softdevice_disable
                0x0000000000019118        0x8 _build/softdevice_handler.o
 .text.sd_softdevice_is_enabled
                0x0000000000019120        0x8 _build/softdevice_handler.o
 .text.sd_softdevice_vector_table_base_set
                0x0000000000019128        0x8 _build/softdevice_handler.o
 .text.is_word_aligned
                0x0000000000019130       0x1c _build/softdevice_handler.o
 .text.sd_ble_gap_address_set
                0x000000000001914c        0x8 _build/softdevice_handler.o
 .text.sd_ble_gap_address_get
                0x0000000000019154        0x8 _build/softdevice_handler.o
 .text.sd_ble_gap_adv_data_set
                0x000000000001915c        0x8 _build/softdevice_handler.o
 .text.sd_ble_gap_adv_start
                0x0000000000019164        0x8 _build/softdevice_handler.o
 .text.sd_ble_gap_adv_stop
                0x000000000001916c        0x8 _build/softdevice_handler.o
 .text.sd_ble_gap_conn_param_update
                0x0000000000019174        0x8 _build/softdevice_handler.o
 .text.sd_ble_gap_disconnect
                0x000000000001917c        0x8 _build/softdevice_handler.o
 .text.sd_ble_gap_tx_power_set
                0x0000000000019184        0x8 _build/softdevice_handler.o
 .text.sd_ble_gap_appearance_set
                0x000000000001918c        0x8 _build/softdevice_handler.o
 .text.sd_ble_gap_appearance_get
                0x0000000000019194        0x8 _build/softdevice_handler.o
 .text.sd_ble_gap_ppcp_set
                0x000000000001919c        0x8 _build/softdevice_handler.o
 .text.sd_ble_gap_ppcp_get
                0x00000000000191a4        0x8 _build/softdevice_handler.o
 .text.sd_ble_gap_device_name_set
                0x00000000000191ac        0x8 _build/softdevice_handler.o
 .text.sd_ble_gap_device_name_get
                0x00000000000191b4        0x8 _build/softdevice_handler.o
 .text.sd_ble_gap_authenticate
                0x00000000000191bc        0x8 _build/softdevice_handler.o
 .text.sd_ble_gap_sec_params_reply
                0x00000000000191c4        0x8 _build/softdevice_handler.o
 .text.sd_ble_gap_auth_key_reply
                0x00000000000191cc        0x8 _build/softdevice_handler.o
 .text.sd_ble_gap_sec_info_reply
                0x00000000000191d4        0x8 _build/softdevice_handler.o
 .text.sd_ble_gap_conn_sec_get
                0x00000000000191dc        0x8 _build/softdevice_handler.o
 .text.sd_ble_gap_rssi_start
                0x00000000000191e4        0x8 _build/softdevice_handler.o
 .text.sd_ble_gap_rssi_stop
                0x00000000000191ec        0x8 _build/softdevice_handler.o
 .text.sd_ble_l2cap_cid_register
                0x00000000000191f4        0x8 _build/softdevice_handler.o
 .text.sd_ble_l2cap_cid_unregister
                0x00000000000191fc        0x8 _build/softdevice_handler.o
 .text.sd_ble_l2cap_tx
                0x0000000000019204        0x8 _build/softdevice_handler.o
 .text.sd_ble_gattc_primary_services_discover
                0x000000000001920c        0x8 _build/softdevice_handler.o
 .text.sd_ble_gattc_relationships_discover
                0x0000000000019214        0x8 _build/softdevice_handler.o
 .text.sd_ble_gattc_characteristics_discover
                0x000000000001921c        0x8 _build/softdevice_handler.o
 .text.sd_ble_gattc_descriptors_discover
                0x0000000000019224        0x8 _build/softdevice_handler.o
 .text.sd_ble_gattc_char_value_by_uuid_read
                0x000000000001922c        0x8 _build/softdevice_handler.o
 .text.sd_ble_gattc_read
                0x0000000000019234        0x8 _build/softdevice_handler.o
 .text.sd_ble_gattc_char_values_read
                0x000000000001923c        0x8 _build/softdevice_handler.o
 .text.sd_ble_gattc_write
                0x0000000000019244        0x8 _build/softdevice_handler.o
 .text.sd_ble_gattc_hv_confirm
                0x000000000001924c        0x8 _build/softdevice_handler.o
 .text.sd_ble_gatts_service_add
                0x0000000000019254        0x8 _build/softdevice_handler.o
 .text.sd_ble_gatts_include_add
                0x000000000001925c        0x8 _build/softdevice_handler.o
 .text.sd_ble_gatts_characteristic_add
                0x0000000000019264        0x8 _build/softdevice_handler.o
 .text.sd_ble_gatts_descriptor_add
                0x000000000001926c        0x8 _build/softdevice_handler.o
 .text.sd_ble_gatts_value_set
                0x0000000000019274        0x8 _build/softdevice_handler.o
 .text.sd_ble_gatts_value_get
                0x000000000001927c        0x8 _build/softdevice_handler.o
 .text.sd_ble_gatts_hvx
                0x0000000000019284        0x8 _build/softdevice_handler.o
 .text.sd_ble_gatts_service_changed
                0x000000000001928c        0x8 _build/softdevice_handler.o
 .text.sd_ble_gatts_rw_authorize_reply
                0x0000000000019294        0x8 _build/softdevice_handler.o
 .text.sd_ble_gatts_sys_attr_set
                0x000000000001929c        0x8 _build/softdevice_handler.o
 .text.sd_ble_gatts_sys_attr_get
                0x00000000000192a4        0x8 _build/softdevice_handler.o
 .text.sd_ble_enable
                0x00000000000192ac        0x8 _build/softdevice_handler.o
 .text.sd_ble_evt_get
                0x00000000000192b4        0x8 _build/softdevice_handler.o
 .text.sd_ble_tx_buffer_count_get
                0x00000000000192bc        0x8 _build/softdevice_handler.o
 .text.sd_ble_uuid_vs_add
                0x00000000000192c4        0x8 _build/softdevice_handler.o
 .text.sd_ble_uuid_decode
                0x00000000000192cc        0x8 _build/softdevice_handler.o
 .text.sd_ble_uuid_encode
                0x00000000000192d4        0x8 _build/softdevice_handler.o
 .text.sd_ble_version_get
                0x00000000000192dc        0x8 _build/softdevice_handler.o
 .text.sd_ble_user_mem_reply
                0x00000000000192e4        0x8 _build/softdevice_handler.o
 .text.sd_ble_opt_set
                0x00000000000192ec        0x8 _build/softdevice_handler.o
 .text.sd_ble_opt_get
                0x00000000000192f4        0x8 _build/softdevice_handler.o
 .text.softdevice_assertion_handler
                0x00000000000192fc       0x28 _build/softdevice_handler.o
                0x00000000000192fc                softdevice_assertion_handler
 .text.intern_softdevice_events_execute
                0x0000000000019324      0x114 _build/softdevice_handler.o
                0x0000000000019324                intern_softdevice_events_execute
 .text.softdevice_handler_init
                0x0000000000019438       0x8c _build/softdevice_handler.o
                0x0000000000019438                softdevice_handler_init
 .text.softdevice_handler_sd_disable
                0x00000000000194c4       0x28 _build/softdevice_handler.o
                0x00000000000194c4                softdevice_handler_sd_disable
 .text.softdevice_ble_evt_handler_set
                0x00000000000194ec       0x28 _build/softdevice_handler.o
                0x00000000000194ec                softdevice_ble_evt_handler_set
 .text.softdevice_sys_evt_handler_set
                0x0000000000019514       0x28 _build/softdevice_handler.o
                0x0000000000019514                softdevice_sys_evt_handler_set
 .text.SWI2_IRQHandler
                0x000000000001953c       0x4c _build/softdevice_handler.o
                0x000000000001953c                SWI2_IRQHandler
 .text          0x0000000000019588        0x0 _build/ble_advdata.o
 .text.sd_ble_gap_address_set
                0x0000000000019588        0x8 _build/ble_advdata.o
 .text.sd_ble_gap_address_get
                0x0000000000019590        0x8 _build/ble_advdata.o
 .text.sd_ble_gap_adv_data_set
                0x0000000000019598        0x8 _build/ble_advdata.o
 .text.sd_ble_gap_adv_start
                0x00000000000195a0        0x8 _build/ble_advdata.o
 .text.sd_ble_gap_adv_stop
                0x00000000000195a8        0x8 _build/ble_advdata.o
 .text.sd_ble_gap_conn_param_update
                0x00000000000195b0        0x8 _build/ble_advdata.o
 .text.sd_ble_gap_disconnect
                0x00000000000195b8        0x8 _build/ble_advdata.o
 .text.sd_ble_gap_tx_power_set
                0x00000000000195c0        0x8 _build/ble_advdata.o
 .text.sd_ble_gap_appearance_set
                0x00000000000195c8        0x8 _build/ble_advdata.o
 .text.sd_ble_gap_appearance_get
                0x00000000000195d0        0x8 _build/ble_advdata.o
 .text.sd_ble_gap_ppcp_set
                0x00000000000195d8        0x8 _build/ble_advdata.o
 .text.sd_ble_gap_ppcp_get
                0x00000000000195e0        0x8 _build/ble_advdata.o
 .text.sd_ble_gap_device_name_set
                0x00000000000195e8        0x8 _build/ble_advdata.o
 .text.sd_ble_gap_device_name_get
                0x00000000000195f0        0x8 _build/ble_advdata.o
 .text.sd_ble_gap_authenticate
                0x00000000000195f8        0x8 _build/ble_advdata.o
 .text.sd_ble_gap_sec_params_reply
                0x0000000000019600        0x8 _build/ble_advdata.o
 .text.sd_ble_gap_auth_key_reply
                0x0000000000019608        0x8 _build/ble_advdata.o
 .text.sd_ble_gap_sec_info_reply
                0x0000000000019610        0x8 _build/ble_advdata.o
 .text.sd_ble_gap_conn_sec_get
                0x0000000000019618        0x8 _build/ble_advdata.o
 .text.sd_ble_gap_rssi_start
                0x0000000000019620        0x8 _build/ble_advdata.o
 .text.sd_ble_gap_rssi_stop
                0x0000000000019628        0x8 _build/ble_advdata.o
 .text.sd_ble_l2cap_cid_register
                0x0000000000019630        0x8 _build/ble_advdata.o
 .text.sd_ble_l2cap_cid_unregister
                0x0000000000019638        0x8 _build/ble_advdata.o
 .text.sd_ble_l2cap_tx
                0x0000000000019640        0x8 _build/ble_advdata.o
 .text.sd_ble_gattc_primary_services_discover
                0x0000000000019648        0x8 _build/ble_advdata.o
 .text.sd_ble_gattc_relationships_discover
                0x0000000000019650        0x8 _build/ble_advdata.o
 .text.sd_ble_gattc_characteristics_discover
                0x0000000000019658        0x8 _build/ble_advdata.o
 .text.sd_ble_gattc_descriptors_discover
                0x0000000000019660        0x8 _build/ble_advdata.o
 .text.sd_ble_gattc_char_value_by_uuid_read
                0x0000000000019668        0x8 _build/ble_advdata.o
 .text.sd_ble_gattc_read
                0x0000000000019670        0x8 _build/ble_advdata.o
 .text.sd_ble_gattc_char_values_read
                0x0000000000019678        0x8 _build/ble_advdata.o
 .text.sd_ble_gattc_write
                0x0000000000019680        0x8 _build/ble_advdata.o
 .text.sd_ble_gattc_hv_confirm
                0x0000000000019688        0x8 _build/ble_advdata.o
 .text.sd_ble_gatts_service_add
                0x0000000000019690        0x8 _build/ble_advdata.o
 .text.sd_ble_gatts_include_add
                0x0000000000019698        0x8 _build/ble_advdata.o
 .text.sd_ble_gatts_characteristic_add
                0x00000000000196a0        0x8 _build/ble_advdata.o
 .text.sd_ble_gatts_descriptor_add
                0x00000000000196a8        0x8 _build/ble_advdata.o
 .text.sd_ble_gatts_value_set
                0x00000000000196b0        0x8 _build/ble_advdata.o
 .text.sd_ble_gatts_value_get
                0x00000000000196b8        0x8 _build/ble_advdata.o
 .text.sd_ble_gatts_hvx
                0x00000000000196c0        0x8 _build/ble_advdata.o
 .text.sd_ble_gatts_service_changed
                0x00000000000196c8        0x8 _build/ble_advdata.o
 .text.sd_ble_gatts_rw_authorize_reply
                0x00000000000196d0        0x8 _build/ble_advdata.o
 .text.sd_ble_gatts_sys_attr_set
                0x00000000000196d8        0x8 _build/ble_advdata.o
 .text.sd_ble_gatts_sys_attr_get
                0x00000000000196e0        0x8 _build/ble_advdata.o
 .text.sd_ble_enable
                0x00000000000196e8        0x8 _build/ble_advdata.o
 .text.sd_ble_evt_get
                0x00000000000196f0        0x8 _build/ble_advdata.o
 .text.sd_ble_tx_buffer_count_get
                0x00000000000196f8        0x8 _build/ble_advdata.o
 .text.sd_ble_uuid_vs_add
                0x0000000000019700        0x8 _build/ble_advdata.o
 .text.sd_ble_uuid_decode
                0x0000000000019708        0x8 _build/ble_advdata.o
 .text.sd_ble_uuid_encode
                0x0000000000019710        0x8 _build/ble_advdata.o
 .text.sd_ble_version_get
                0x0000000000019718        0x8 _build/ble_advdata.o
 .text.sd_ble_user_mem_reply
                0x0000000000019720        0x8 _build/ble_advdata.o
 .text.sd_ble_opt_set
                0x0000000000019728        0x8 _build/ble_advdata.o
 .text.sd_ble_opt_get
                0x0000000000019730        0x8 _build/ble_advdata.o
 .text.uint16_encode
                0x0000000000019738       0x34 _build/ble_advdata.o
 .text.name_encode
                0x000000000001976c      0x134 _build/ble_advdata.o
 .text.appearance_encode
                0x00000000000198a0       0x88 _build/ble_advdata.o
 .text.uint8_array_encode
                0x0000000000019928       0xa0 _build/ble_advdata.o
 .text.tx_power_level_encode
                0x00000000000199c8       0x6c _build/ble_advdata.o
 .text.uuid_list_sized_encode
                0x0000000000019a34      0x16c _build/ble_advdata.o
 .text.uuid_list_encode
                0x0000000000019ba0       0x6c _build/ble_advdata.o
 .text.conn_int_check
                0x0000000000019c0c       0x80 _build/ble_advdata.o
 .text.conn_int_encode
                0x0000000000019c8c       0xa8 _build/ble_advdata.o
 .text.manuf_specific_data_encode
                0x0000000000019d34       0xcc _build/ble_advdata.o
 .text.service_data_encode
                0x0000000000019e00      0x100 _build/ble_advdata.o
 .text.adv_data_encode
                0x0000000000019f00      0x1b8 _build/ble_advdata.o
 .text.advdata_check
                0x000000000001a0b8       0x34 _build/ble_advdata.o
 .text.srdata_check
                0x000000000001a0ec       0x20 _build/ble_advdata.o
 .text.ble_advdata_set
                0x000000000001a10c       0xcc _build/ble_advdata.o
                0x000000000001a10c                ble_advdata_set
 .text          0x000000000001a1d8        0x0 _build/ble_debug_assert_handler.o
 .text.ble_debug_assert_handler
                0x000000000001a1d8       0x48 _build/ble_debug_assert_handler.o
                0x000000000001a1d8                ble_debug_assert_handler
 .text          0x000000000001a220        0x0 _build/ble_error_log.o
 .text.gcc_current_sp
                0x000000000001a220        0xc _build/ble_error_log.o
 .text.fetch_stack
                0x000000000001a22c       0x48 _build/ble_error_log.o
 .text.ble_error_log_write
                0x000000000001a274       0x54 _build/ble_error_log.o
                0x000000000001a274                ble_error_log_write
 .text          0x000000000001a2c8        0x0 _build/ble_conn_params.o
 .text.sd_ble_gap_address_set
                0x000000000001a2c8        0x8 _build/ble_conn_params.o
 .text.sd_ble_gap_address_get
                0x000000000001a2d0        0x8 _build/ble_conn_params.o
 .text.sd_ble_gap_adv_data_set
                0x000000000001a2d8        0x8 _build/ble_conn_params.o
 .text.sd_ble_gap_adv_start
                0x000000000001a2e0        0x8 _build/ble_conn_params.o
 .text.sd_ble_gap_adv_stop
                0x000000000001a2e8        0x8 _build/ble_conn_params.o
 .text.sd_ble_gap_conn_param_update
                0x000000000001a2f0        0x8 _build/ble_conn_params.o
 .text.sd_ble_gap_disconnect
                0x000000000001a2f8        0x8 _build/ble_conn_params.o
 .text.sd_ble_gap_tx_power_set
                0x000000000001a300        0x8 _build/ble_conn_params.o
 .text.sd_ble_gap_appearance_set
                0x000000000001a308        0x8 _build/ble_conn_params.o
 .text.sd_ble_gap_appearance_get
                0x000000000001a310        0x8 _build/ble_conn_params.o
 .text.sd_ble_gap_ppcp_set
                0x000000000001a318        0x8 _build/ble_conn_params.o
 .text.sd_ble_gap_ppcp_get
                0x000000000001a320        0x8 _build/ble_conn_params.o
 .text.sd_ble_gap_device_name_set
                0x000000000001a328        0x8 _build/ble_conn_params.o
 .text.sd_ble_gap_device_name_get
                0x000000000001a330        0x8 _build/ble_conn_params.o
 .text.sd_ble_gap_authenticate
                0x000000000001a338        0x8 _build/ble_conn_params.o
 .text.sd_ble_gap_sec_params_reply
                0x000000000001a340        0x8 _build/ble_conn_params.o
 .text.sd_ble_gap_auth_key_reply
                0x000000000001a348        0x8 _build/ble_conn_params.o
 .text.sd_ble_gap_sec_info_reply
                0x000000000001a350        0x8 _build/ble_conn_params.o
 .text.sd_ble_gap_conn_sec_get
                0x000000000001a358        0x8 _build/ble_conn_params.o
 .text.sd_ble_gap_rssi_start
                0x000000000001a360        0x8 _build/ble_conn_params.o
 .text.sd_ble_gap_rssi_stop
                0x000000000001a368        0x8 _build/ble_conn_params.o
 .text.sd_ble_l2cap_cid_register
                0x000000000001a370        0x8 _build/ble_conn_params.o
 .text.sd_ble_l2cap_cid_unregister
                0x000000000001a378        0x8 _build/ble_conn_params.o
 .text.sd_ble_l2cap_tx
                0x000000000001a380        0x8 _build/ble_conn_params.o
 .text.sd_ble_gattc_primary_services_discover
                0x000000000001a388        0x8 _build/ble_conn_params.o
 .text.sd_ble_gattc_relationships_discover
                0x000000000001a390        0x8 _build/ble_conn_params.o
 .text.sd_ble_gattc_characteristics_discover
                0x000000000001a398        0x8 _build/ble_conn_params.o
 .text.sd_ble_gattc_descriptors_discover
                0x000000000001a3a0        0x8 _build/ble_conn_params.o
 .text.sd_ble_gattc_char_value_by_uuid_read
                0x000000000001a3a8        0x8 _build/ble_conn_params.o
 .text.sd_ble_gattc_read
                0x000000000001a3b0        0x8 _build/ble_conn_params.o
 .text.sd_ble_gattc_char_values_read
                0x000000000001a3b8        0x8 _build/ble_conn_params.o
 .text.sd_ble_gattc_write
                0x000000000001a3c0        0x8 _build/ble_conn_params.o
 .text.sd_ble_gattc_hv_confirm
                0x000000000001a3c8        0x8 _build/ble_conn_params.o
 .text.sd_ble_gatts_service_add
                0x000000000001a3d0        0x8 _build/ble_conn_params.o
 .text.sd_ble_gatts_include_add
                0x000000000001a3d8        0x8 _build/ble_conn_params.o
 .text.sd_ble_gatts_characteristic_add
                0x000000000001a3e0        0x8 _build/ble_conn_params.o
 .text.sd_ble_gatts_descriptor_add
                0x000000000001a3e8        0x8 _build/ble_conn_params.o
 .text.sd_ble_gatts_value_set
                0x000000000001a3f0        0x8 _build/ble_conn_params.o
 .text.sd_ble_gatts_value_get
                0x000000000001a3f8        0x8 _build/ble_conn_params.o
 .text.sd_ble_gatts_hvx
                0x000000000001a400        0x8 _build/ble_conn_params.o
 .text.sd_ble_gatts_service_changed
                0x000000000001a408        0x8 _build/ble_conn_params.o
 .text.sd_ble_gatts_rw_authorize_reply
                0x000000000001a410        0x8 _build/ble_conn_params.o
 .text.sd_ble_gatts_sys_attr_set
                0x000000000001a418        0x8 _build/ble_conn_params.o
 .text.sd_ble_gatts_sys_attr_get
                0x000000000001a420        0x8 _build/ble_conn_params.o
 .text.sd_ble_enable
                0x000000000001a428        0x8 _build/ble_conn_params.o
 .text.sd_ble_evt_get
                0x000000000001a430        0x8 _build/ble_conn_params.o
 .text.sd_ble_tx_buffer_count_get
                0x000000000001a438        0x8 _build/ble_conn_params.o
 .text.sd_ble_uuid_vs_add
                0x000000000001a440        0x8 _build/ble_conn_params.o
 .text.sd_ble_uuid_decode
                0x000000000001a448        0x8 _build/ble_conn_params.o
 .text.sd_ble_uuid_encode
                0x000000000001a450        0x8 _build/ble_conn_params.o
 .text.sd_ble_version_get
                0x000000000001a458        0x8 _build/ble_conn_params.o
 .text.sd_ble_user_mem_reply
                0x000000000001a460        0x8 _build/ble_conn_params.o
 .text.sd_ble_opt_set
                0x000000000001a468        0x8 _build/ble_conn_params.o
 .text.sd_ble_opt_get
                0x000000000001a470        0x8 _build/ble_conn_params.o
 .text.uint16_decode
                0x000000000001a478       0x28 _build/ble_conn_params.o
 .text.ble_srv_is_notification_enabled
                0x000000000001a4a0       0x30 _build/ble_conn_params.o
 .text.is_conn_params_ok
                0x000000000001a4d0       0x34 _build/ble_conn_params.o
 .text.update_timeout_handler
                0x000000000001a504       0xc4 _build/ble_conn_params.o
 .text.ble_conn_params_init
                0x000000000001a5c8       0xac _build/ble_conn_params.o
                0x000000000001a5c8                ble_conn_params_init
 .text.ble_conn_params_stop
                0x000000000001a674       0x1c _build/ble_conn_params.o
                0x000000000001a674                ble_conn_params_stop
 .text.conn_params_negotiation
                0x000000000001a690       0xbc _build/ble_conn_params.o
 .text.on_connect
                0x000000000001a74c       0x4c _build/ble_conn_params.o
 .text.on_disconnect
                0x000000000001a798       0x54 _build/ble_conn_params.o
 .text.on_write
                0x000000000001a7ec       0x6c _build/ble_conn_params.o
 .text.on_conn_params_update
                0x000000000001a858       0x2c _build/ble_conn_params.o
 .text.ble_conn_params_on_ble_evt
                0x000000000001a884       0x50 _build/ble_conn_params.o
                0x000000000001a884                ble_conn_params_on_ble_evt
 .text.ble_conn_params_change_conn_params
                0x000000000001a8d4       0xa4 _build/ble_conn_params.o
                0x000000000001a8d4                ble_conn_params_change_conn_params
 .text          0x000000000001a978        0x0 _build/app_timer.o
 .text.is_word_aligned
                0x000000000001a978       0x1c _build/app_timer.o
 .text.NVIC_EnableIRQ
                0x000000000001a994       0x2c _build/app_timer.o
 .text.NVIC_DisableIRQ
                0x000000000001a9c0       0x30 _build/app_timer.o
 .text.NVIC_SetPendingIRQ
                0x000000000001a9f0       0x34 _build/app_timer.o
 .text.NVIC_ClearPendingIRQ
                0x000000000001aa24       0x34 _build/app_timer.o
 .text.NVIC_SetPriority
                0x000000000001aa58       0xe0 _build/app_timer.o
 .text.NVIC_GetPriority
                0x000000000001ab38       0x78 _build/app_timer.o
 .text.sd_mutex_new
                0x000000000001abb0        0x8 _build/app_timer.o
 .text.sd_mutex_acquire
                0x000000000001abb8        0x8 _build/app_timer.o
 .text.sd_mutex_release
                0x000000000001abc0        0x8 _build/app_timer.o
 .text.sd_nvic_EnableIRQ
                0x000000000001abc8        0x8 _build/app_timer.o
 .text.sd_nvic_DisableIRQ
                0x000000000001abd0        0x8 _build/app_timer.o
 .text.sd_nvic_GetPendingIRQ
                0x000000000001abd8        0x8 _build/app_timer.o
 .text.sd_nvic_SetPendingIRQ
                0x000000000001abe0        0x8 _build/app_timer.o
 .text.sd_nvic_ClearPendingIRQ
                0x000000000001abe8        0x8 _build/app_timer.o
 .text.sd_nvic_SetPriority
                0x000000000001abf0        0x8 _build/app_timer.o
 .text.sd_nvic_GetPriority
                0x000000000001abf8        0x8 _build/app_timer.o
 .text.sd_nvic_SystemReset
                0x000000000001ac00        0x8 _build/app_timer.o
 .text.sd_nvic_critical_region_enter
                0x000000000001ac08        0x8 _build/app_timer.o
 .text.sd_nvic_critical_region_exit
                0x000000000001ac10        0x8 _build/app_timer.o
 .text.sd_rand_application_pool_capacity_get
                0x000000000001ac18        0x8 _build/app_timer.o
 .text.sd_rand_application_bytes_available_get
                0x000000000001ac20        0x8 _build/app_timer.o
 .text.sd_rand_application_vector_get
                0x000000000001ac28        0x8 _build/app_timer.o
 .text.sd_power_reset_reason_get
                0x000000000001ac30        0x8 _build/app_timer.o
 .text.sd_power_reset_reason_clr
                0x000000000001ac38        0x8 _build/app_timer.o
 .text.sd_power_mode_set
                0x000000000001ac40        0x8 _build/app_timer.o
 .text.sd_power_system_off
                0x000000000001ac48        0x8 _build/app_timer.o
 .text.sd_power_pof_enable
                0x000000000001ac50        0x8 _build/app_timer.o
 .text.sd_power_pof_threshold_set
                0x000000000001ac58        0x8 _build/app_timer.o
 .text.sd_power_ramon_set
                0x000000000001ac60        0x8 _build/app_timer.o
 .text.sd_power_ramon_clr
                0x000000000001ac68        0x8 _build/app_timer.o
 .text.sd_power_ramon_get
                0x000000000001ac70        0x8 _build/app_timer.o
 .text.sd_power_gpregret_set
                0x000000000001ac78        0x8 _build/app_timer.o
 .text.sd_power_gpregret_clr
                0x000000000001ac80        0x8 _build/app_timer.o
 .text.sd_power_gpregret_get
                0x000000000001ac88        0x8 _build/app_timer.o
 .text.sd_power_dcdc_mode_set
                0x000000000001ac90        0x8 _build/app_timer.o
 .text.sd_clock_hfclk_request
                0x000000000001ac98        0x8 _build/app_timer.o
 .text.sd_clock_hfclk_release
                0x000000000001aca0        0x8 _build/app_timer.o
 .text.sd_clock_hfclk_is_running
                0x000000000001aca8        0x8 _build/app_timer.o
 .text.sd_app_evt_wait
                0x000000000001acb0        0x8 _build/app_timer.o
 .text.sd_ppi_channel_enable_get
                0x000000000001acb8        0x8 _build/app_timer.o
 .text.sd_ppi_channel_enable_set
                0x000000000001acc0        0x8 _build/app_timer.o
 .text.sd_ppi_channel_enable_clr
                0x000000000001acc8        0x8 _build/app_timer.o
 .text.sd_ppi_channel_assign
                0x000000000001acd0        0x8 _build/app_timer.o
 .text.sd_ppi_group_task_enable
                0x000000000001acd8        0x8 _build/app_timer.o
 .text.sd_ppi_group_task_disable
                0x000000000001ace0        0x8 _build/app_timer.o
 .text.sd_ppi_group_assign
                0x000000000001ace8        0x8 _build/app_timer.o
 .text.sd_ppi_group_get
                0x000000000001acf0        0x8 _build/app_timer.o
 .text.sd_radio_notification_cfg_set
                0x000000000001acf8        0x8 _build/app_timer.o
 .text.sd_ecb_block_encrypt
                0x000000000001ad00        0x8 _build/app_timer.o
 .text.sd_evt_get
                0x000000000001ad08        0x8 _build/app_timer.o
 .text.sd_temp_get
                0x000000000001ad10        0x8 _build/app_timer.o
 .text.sd_flash_write
                0x000000000001ad18        0x8 _build/app_timer.o
 .text.sd_flash_page_erase
                0x000000000001ad20        0x8 _build/app_timer.o
 .text.sd_flash_protect
                0x000000000001ad28        0x8 _build/app_timer.o
 .text.sd_radio_session_open
                0x000000000001ad30        0x8 _build/app_timer.o
 .text.sd_radio_session_close
                0x000000000001ad38        0x8 _build/app_timer.o
 .text.sd_radio_request
                0x000000000001ad40        0x8 _build/app_timer.o
 .text.nrf_delay_us
                0x000000000001ad48       0x34 _build/app_timer.o
 .text.current_int_priority_get
                0x000000000001ad7c       0x3c _build/app_timer.o
 .text.rtc1_init
                0x000000000001adb8       0x24 _build/app_timer.o
 .text.rtc1_start
                0x000000000001addc       0x48 _build/app_timer.o
 .text.rtc1_stop
                0x000000000001ae24       0x58 _build/app_timer.o
 .text.rtc1_counter_get
                0x000000000001ae7c       0x18 _build/app_timer.o
 .text.ticks_diff_get
                0x000000000001ae94       0x1c _build/app_timer.o
 .text.rtc1_compare0_set
                0x000000000001aeb0       0x1c _build/app_timer.o
 .text.timer_list_insert
                0x000000000001aecc      0x144 _build/app_timer.o
 .text.timer_list_remove
                0x000000000001b010       0xf8 _build/app_timer.o
 .text.timer_timeouts_check_sched
                0x000000000001b108       0x10 _build/app_timer.o
 .text.timer_list_handler_sched
                0x000000000001b118       0x10 _build/app_timer.o
 .text.timeout_handler_exec
                0x000000000001b128       0x64 _build/app_timer.o
 .text.timer_timeouts_check
                0x000000000001b18c       0xcc _build/app_timer.o
 .text.elapsed_ticks_acquire
                0x000000000001b258       0x7c _build/app_timer.o
 .text.list_deletions_handler
                0x000000000001b2d4      0x124 _build/app_timer.o
 .text.expired_timers_handler
                0x000000000001b3f8       0xb0 _build/app_timer.o
 .text.list_insertions_handler
                0x000000000001b4a8      0x1ac _build/app_timer.o
 .text.compare_reg_update
                0x000000000001b654       0xc4 _build/app_timer.o
 .text.timer_list_handler
                0x000000000001b718       0x8c _build/app_timer.o
 .text.user_op_enque
                0x000000000001b7a4       0x18 _build/app_timer.o
 .text.user_op_alloc
                0x000000000001b7bc       0x58 _build/app_timer.o
 .text.timer_start_op_schedule
                0x000000000001b814       0x80 _build/app_timer.o
 .text.timer_stop_op_schedule
                0x000000000001b894       0x60 _build/app_timer.o
 .text.timer_stop_all_op_schedule
                0x000000000001b8f4       0x60 _build/app_timer.o
 .text.RTC1_IRQHandler
                0x000000000001b954       0x4c _build/app_timer.o
                0x000000000001b954                RTC1_IRQHandler
 .text.SWI0_IRQHandler
                0x000000000001b9a0        0xc _build/app_timer.o
                0x000000000001b9a0                SWI0_IRQHandler
 .text.app_timer_init
                0x000000000001b9ac      0x170 _build/app_timer.o
                0x000000000001b9ac                app_timer_init
 .text.app_timer_create
                0x000000000001bb1c       0xbc _build/app_timer.o
                0x000000000001bb1c                app_timer_create
 .text.user_id_get
                0x000000000001bbd8       0x34 _build/app_timer.o
 .text.app_timer_start
                0x000000000001bc0c       0x8c _build/app_timer.o
                0x000000000001bc0c                app_timer_start
 .text.app_timer_stop
                0x000000000001bc98       0x60 _build/app_timer.o
                0x000000000001bc98                app_timer_stop
 .text.app_timer_stop_all
                0x000000000001bcf8       0x28 _build/app_timer.o
                0x000000000001bcf8                app_timer_stop_all
 .text.app_timer_cnt_get
                0x000000000001bd20       0x1c _build/app_timer.o
                0x000000000001bd20                app_timer_cnt_get
 .text.app_timer_cnt_diff_compute
                0x000000000001bd3c       0x28 _build/app_timer.o
                0x000000000001bd3c                app_timer_cnt_diff_compute
 .text          0x000000000001bd64        0x0 _build/pstorage.o
 .text.sd_mutex_new
                0x000000000001bd64        0x8 _build/pstorage.o
 .text.sd_mutex_acquire
                0x000000000001bd6c        0x8 _build/pstorage.o
 .text.sd_mutex_release
                0x000000000001bd74        0x8 _build/pstorage.o
 .text.sd_nvic_EnableIRQ
                0x000000000001bd7c        0x8 _build/pstorage.o
 .text.sd_nvic_DisableIRQ
                0x000000000001bd84        0x8 _build/pstorage.o
 .text.sd_nvic_GetPendingIRQ
                0x000000000001bd8c        0x8 _build/pstorage.o
 .text.sd_nvic_SetPendingIRQ
                0x000000000001bd94        0x8 _build/pstorage.o
 .text.sd_nvic_ClearPendingIRQ
                0x000000000001bd9c        0x8 _build/pstorage.o
 .text.sd_nvic_SetPriority
                0x000000000001bda4        0x8 _build/pstorage.o
 .text.sd_nvic_GetPriority
                0x000000000001bdac        0x8 _build/pstorage.o
 .text.sd_nvic_SystemReset
                0x000000000001bdb4        0x8 _build/pstorage.o
 .text.sd_nvic_critical_region_enter
                0x000000000001bdbc        0x8 _build/pstorage.o
 .text.sd_nvic_critical_region_exit
                0x000000000001bdc4        0x8 _build/pstorage.o
 .text.sd_rand_application_pool_capacity_get
                0x000000000001bdcc        0x8 _build/pstorage.o
 .text.sd_rand_application_bytes_available_get
                0x000000000001bdd4        0x8 _build/pstorage.o
 .text.sd_rand_application_vector_get
                0x000000000001bddc        0x8 _build/pstorage.o
 .text.sd_power_reset_reason_get
                0x000000000001bde4        0x8 _build/pstorage.o
 .text.sd_power_reset_reason_clr
                0x000000000001bdec        0x8 _build/pstorage.o
 .text.sd_power_mode_set
                0x000000000001bdf4        0x8 _build/pstorage.o
 .text.sd_power_system_off
                0x000000000001bdfc        0x8 _build/pstorage.o
 .text.sd_power_pof_enable
                0x000000000001be04        0x8 _build/pstorage.o
 .text.sd_power_pof_threshold_set
                0x000000000001be0c        0x8 _build/pstorage.o
 .text.sd_power_ramon_set
                0x000000000001be14        0x8 _build/pstorage.o
 .text.sd_power_ramon_clr
                0x000000000001be1c        0x8 _build/pstorage.o
 .text.sd_power_ramon_get
                0x000000000001be24        0x8 _build/pstorage.o
 .text.sd_power_gpregret_set
                0x000000000001be2c        0x8 _build/pstorage.o
 .text.sd_power_gpregret_clr
                0x000000000001be34        0x8 _build/pstorage.o
 .text.sd_power_gpregret_get
                0x000000000001be3c        0x8 _build/pstorage.o
 .text.sd_power_dcdc_mode_set
                0x000000000001be44        0x8 _build/pstorage.o
 .text.sd_clock_hfclk_request
                0x000000000001be4c        0x8 _build/pstorage.o
 .text.sd_clock_hfclk_release
                0x000000000001be54        0x8 _build/pstorage.o
 .text.sd_clock_hfclk_is_running
                0x000000000001be5c        0x8 _build/pstorage.o
 .text.sd_app_evt_wait
                0x000000000001be64        0x8 _build/pstorage.o
 .text.sd_ppi_channel_enable_get
                0x000000000001be6c        0x8 _build/pstorage.o
 .text.sd_ppi_channel_enable_set
                0x000000000001be74        0x8 _build/pstorage.o
 .text.sd_ppi_channel_enable_clr
                0x000000000001be7c        0x8 _build/pstorage.o
 .text.sd_ppi_channel_assign
                0x000000000001be84        0x8 _build/pstorage.o
 .text.sd_ppi_group_task_enable
                0x000000000001be8c        0x8 _build/pstorage.o
 .text.sd_ppi_group_task_disable
                0x000000000001be94        0x8 _build/pstorage.o
 .text.sd_ppi_group_assign
                0x000000000001be9c        0x8 _build/pstorage.o
 .text.sd_ppi_group_get
                0x000000000001bea4        0x8 _build/pstorage.o
 .text.sd_radio_notification_cfg_set
                0x000000000001beac        0x8 _build/pstorage.o
 .text.sd_ecb_block_encrypt
                0x000000000001beb4        0x8 _build/pstorage.o
 .text.sd_evt_get
                0x000000000001bebc        0x8 _build/pstorage.o
 .text.sd_temp_get
                0x000000000001bec4        0x8 _build/pstorage.o
 .text.sd_flash_write
                0x000000000001becc        0x8 _build/pstorage.o
 .text.sd_flash_page_erase
                0x000000000001bed4        0x8 _build/pstorage.o
 .text.sd_flash_protect
                0x000000000001bedc        0x8 _build/pstorage.o
 .text.sd_radio_session_open
                0x000000000001bee4        0x8 _build/pstorage.o
 .text.sd_radio_session_close
                0x000000000001beec        0x8 _build/pstorage.o
 .text.sd_radio_request
                0x000000000001bef4        0x8 _build/pstorage.o
 .text.is_word_aligned
                0x000000000001befc       0x1c _build/pstorage.o
 .text.cmd_queue_element_init
                0x000000000001bf18       0x84 _build/pstorage.o
 .text.cmd_queue_init
                0x000000000001bf9c       0x50 _build/pstorage.o
 .text.cmd_queue_enqueue
                0x000000000001bfec      0x11c _build/pstorage.o
 .text.cmd_queue_dequeue
                0x000000000001c108       0x38 _build/pstorage.o
 .text.app_notify
                0x000000000001c140       0xa8 _build/pstorage.o
 .text.pstorage_sys_event_handler
                0x000000000001c1e8      0x1d0 _build/pstorage.o
                0x000000000001c1e8                pstorage_sys_event_handler
 .text.swap_state_process
                0x000000000001c3b8      0x2d8 _build/pstorage.o
 .text.cmd_process
                0x000000000001c690      0x210 _build/pstorage.o
 .text.pstorage_init
                0x000000000001c8a0      0x128 _build/pstorage.o
                0x000000000001c8a0                pstorage_init
 .text.pstorage_register
                0x000000000001c9c8      0x200 _build/pstorage.o
                0x000000000001c9c8                pstorage_register
 .text.pstorage_block_identifier_get
                0x000000000001cbc8       0xe0 _build/pstorage.o
                0x000000000001cbc8                pstorage_block_identifier_get
 .text.pstorage_store
                0x000000000001cca8      0x140 _build/pstorage.o
                0x000000000001cca8                pstorage_store
 .text.pstorage_update
                0x000000000001cde8      0x140 _build/pstorage.o
                0x000000000001cde8                pstorage_update
 .text.pstorage_load
                0x000000000001cf28      0x164 _build/pstorage.o
                0x000000000001cf28                pstorage_load
 .text.pstorage_clear
                0x000000000001d08c       0xf4 _build/pstorage.o
                0x000000000001d08c                pstorage_clear
 .text.pstorage_access_status_get
                0x000000000001d180       0x40 _build/pstorage.o
                0x000000000001d180                pstorage_access_status_get
 .text          0x000000000001d1c0        0x0 _build/crc16.o
 .text.crc16_compute
                0x000000000001d1c0       0xd4 _build/crc16.o
                0x000000000001d1c0                crc16_compute
 .text          0x000000000001d294        0x0 _build/device_manager_peripheral.o
 .text.sd_ble_gap_address_set
                0x000000000001d294        0x8 _build/device_manager_peripheral.o
 .text.sd_ble_gap_address_get
                0x000000000001d29c        0x8 _build/device_manager_peripheral.o
 .text.sd_ble_gap_adv_data_set
                0x000000000001d2a4        0x8 _build/device_manager_peripheral.o
 .text.sd_ble_gap_adv_start
                0x000000000001d2ac        0x8 _build/device_manager_peripheral.o
 .text.sd_ble_gap_adv_stop
                0x000000000001d2b4        0x8 _build/device_manager_peripheral.o
 .text.sd_ble_gap_conn_param_update
                0x000000000001d2bc        0x8 _build/device_manager_peripheral.o
 .text.sd_ble_gap_disconnect
                0x000000000001d2c4        0x8 _build/device_manager_peripheral.o
 .text.sd_ble_gap_tx_power_set
                0x000000000001d2cc        0x8 _build/device_manager_peripheral.o
 .text.sd_ble_gap_appearance_set
                0x000000000001d2d4        0x8 _build/device_manager_peripheral.o
 .text.sd_ble_gap_appearance_get
                0x000000000001d2dc        0x8 _build/device_manager_peripheral.o
 .text.sd_ble_gap_ppcp_set
                0x000000000001d2e4        0x8 _build/device_manager_peripheral.o
 .text.sd_ble_gap_ppcp_get
                0x000000000001d2ec        0x8 _build/device_manager_peripheral.o
 .text.sd_ble_gap_device_name_set
                0x000000000001d2f4        0x8 _build/device_manager_peripheral.o
 .text.sd_ble_gap_device_name_get
                0x000000000001d2fc        0x8 _build/device_manager_peripheral.o
 .text.sd_ble_gap_authenticate
                0x000000000001d304        0x8 _build/device_manager_peripheral.o
 .text.sd_ble_gap_sec_params_reply
                0x000000000001d30c        0x8 _build/device_manager_peripheral.o
 .text.sd_ble_gap_auth_key_reply
                0x000000000001d314        0x8 _build/device_manager_peripheral.o
 .text.sd_ble_gap_sec_info_reply
                0x000000000001d31c        0x8 _build/device_manager_peripheral.o
 .text.sd_ble_gap_conn_sec_get
                0x000000000001d324        0x8 _build/device_manager_peripheral.o
 .text.sd_ble_gap_rssi_start
                0x000000000001d32c        0x8 _build/device_manager_peripheral.o
 .text.sd_ble_gap_rssi_stop
                0x000000000001d334        0x8 _build/device_manager_peripheral.o
 .text.sd_ble_l2cap_cid_register
                0x000000000001d33c        0x8 _build/device_manager_peripheral.o
 .text.sd_ble_l2cap_cid_unregister
                0x000000000001d344        0x8 _build/device_manager_peripheral.o
 .text.sd_ble_l2cap_tx
                0x000000000001d34c        0x8 _build/device_manager_peripheral.o
 .text.sd_ble_gattc_primary_services_discover
                0x000000000001d354        0x8 _build/device_manager_peripheral.o
 .text.sd_ble_gattc_relationships_discover
                0x000000000001d35c        0x8 _build/device_manager_peripheral.o
 .text.sd_ble_gattc_characteristics_discover
                0x000000000001d364        0x8 _build/device_manager_peripheral.o
 .text.sd_ble_gattc_descriptors_discover
                0x000000000001d36c        0x8 _build/device_manager_peripheral.o
 .text.sd_ble_gattc_char_value_by_uuid_read
                0x000000000001d374        0x8 _build/device_manager_peripheral.o
 .text.sd_ble_gattc_read
                0x000000000001d37c        0x8 _build/device_manager_peripheral.o
 .text.sd_ble_gattc_char_values_read
                0x000000000001d384        0x8 _build/device_manager_peripheral.o
 .text.sd_ble_gattc_write
                0x000000000001d38c        0x8 _build/device_manager_peripheral.o
 .text.sd_ble_gattc_hv_confirm
                0x000000000001d394        0x8 _build/device_manager_peripheral.o
 .text.sd_ble_gatts_service_add
                0x000000000001d39c        0x8 _build/device_manager_peripheral.o
 .text.sd_ble_gatts_include_add
                0x000000000001d3a4        0x8 _build/device_manager_peripheral.o
 .text.sd_ble_gatts_characteristic_add
                0x000000000001d3ac        0x8 _build/device_manager_peripheral.o
 .text.sd_ble_gatts_descriptor_add
                0x000000000001d3b4        0x8 _build/device_manager_peripheral.o
 .text.sd_ble_gatts_value_set
                0x000000000001d3bc        0x8 _build/device_manager_peripheral.o
 .text.sd_ble_gatts_value_get
                0x000000000001d3c4        0x8 _build/device_manager_peripheral.o
 .text.sd_ble_gatts_hvx
                0x000000000001d3cc        0x8 _build/device_manager_peripheral.o
 .text.sd_ble_gatts_service_changed
                0x000000000001d3d4        0x8 _build/device_manager_peripheral.o
 .text.sd_ble_gatts_rw_authorize_reply
                0x000000000001d3dc        0x8 _build/device_manager_peripheral.o
 .text.sd_ble_gatts_sys_attr_set
                0x000000000001d3e4        0x8 _build/device_manager_peripheral.o
 .text.sd_ble_gatts_sys_attr_get
                0x000000000001d3ec        0x8 _build/device_manager_peripheral.o
 .text.sd_ble_enable
                0x000000000001d3f4        0x8 _build/device_manager_peripheral.o
 .text.sd_ble_evt_get
                0x000000000001d3fc        0x8 _build/device_manager_peripheral.o
 .text.sd_ble_tx_buffer_count_get
                0x000000000001d404        0x8 _build/device_manager_peripheral.o
 .text.sd_ble_uuid_vs_add
                0x000000000001d40c        0x8 _build/device_manager_peripheral.o
 .text.sd_ble_uuid_decode
                0x000000000001d414        0x8 _build/device_manager_peripheral.o
 .text.sd_ble_uuid_encode
                0x000000000001d41c        0x8 _build/device_manager_peripheral.o
 .text.sd_ble_version_get
                0x000000000001d424        0x8 _build/device_manager_peripheral.o
 .text.sd_ble_user_mem_reply
                0x000000000001d42c        0x8 _build/device_manager_peripheral.o
 .text.sd_ble_opt_set
                0x000000000001d434        0x8 _build/device_manager_peripheral.o
 .text.sd_ble_opt_get
                0x000000000001d43c        0x8 _build/device_manager_peripheral.o
 .text.update_status_bit_set
                0x000000000001d444       0x28 _build/device_manager_peripheral.o
 .text.update_status_bit_reset
                0x000000000001d46c       0x28 _build/device_manager_peripheral.o
 .text.update_status_bit_is_set
                0x000000000001d494       0x2c _build/device_manager_peripheral.o
 .text.application_instance_init
                0x000000000001d4c0       0x38 _build/device_manager_peripheral.o
 .text.connection_instance_find
                0x000000000001d4f8       0x90 _build/device_manager_peripheral.o
 .text.device_instance_allocate
                0x000000000001d588       0xdc _build/device_manager_peripheral.o
 .text.peer_instance_init
                0x000000000001d664       0x90 _build/device_manager_peripheral.o
 .text.device_instance_free
                0x000000000001d6f4       0x54 _build/device_manager_peripheral.o
 .text.device_instance_find
                0x000000000001d748       0x88 _build/device_manager_peripheral.o
 .text.app_evt_notify
                0x000000000001d7d0       0x28 _build/device_manager_peripheral.o
 .text.connection_instance_init
                0x000000000001d7f8       0x68 _build/device_manager_peripheral.o
 .text.connection_instance_free
                0x000000000001d860       0x34 _build/device_manager_peripheral.o
 .text.storage_operation_dummy_handler
                0x000000000001d894       0x20 _build/device_manager_peripheral.o
 .text.no_service_context_store
                0x000000000001d8b4       0x14 _build/device_manager_peripheral.o
 .text.gatts_context_store
                0x000000000001d8c8      0x150 _build/device_manager_peripheral.o
 .text.gattc_context_store
                0x000000000001da18       0x14 _build/device_manager_peripheral.o
 .text.gattsc_context_store
                0x000000000001da2c       0x3c _build/device_manager_peripheral.o
 .text.no_service_context_load
                0x000000000001da68       0x14 _build/device_manager_peripheral.o
 .text.gatts_context_load
                0x000000000001da7c       0x6c _build/device_manager_peripheral.o
 .text.gattc_context_load
                0x000000000001dae8       0x14 _build/device_manager_peripheral.o
 .text.gattsc_context_load
                0x000000000001dafc       0x3c _build/device_manager_peripheral.o
 .text.no_service_context_apply
                0x000000000001db38       0x14 _build/device_manager_peripheral.o
 .text.gatts_context_apply
                0x000000000001db4c       0xe0 _build/device_manager_peripheral.o
 .text.gattc_context_apply
                0x000000000001dc2c       0x14 _build/device_manager_peripheral.o
 .text.gattsc_context_apply
                0x000000000001dc40       0x30 _build/device_manager_peripheral.o
 .text.dm_pstorage_cb_handler
                0x000000000001dc70      0x2c0 _build/device_manager_peripheral.o
 .text.dm_init  0x000000000001df30      0x16c _build/device_manager_peripheral.o
                0x000000000001df30                dm_init
 .text.dm_register
                0x000000000001e09c       0x98 _build/device_manager_peripheral.o
                0x000000000001e09c                dm_register
 .text.dm_security_setup_req
                0x000000000001e134       0xd8 _build/device_manager_peripheral.o
                0x000000000001e134                dm_security_setup_req
 .text.dm_security_status_req
                0x000000000001e20c       0xec _build/device_manager_peripheral.o
                0x000000000001e20c                dm_security_status_req
 .text.dm_whitelist_create
                0x000000000001e2f8      0x154 _build/device_manager_peripheral.o
                0x000000000001e2f8                dm_whitelist_create
 .text.dm_device_add
                0x000000000001e44c       0x18 _build/device_manager_peripheral.o
                0x000000000001e44c                dm_device_add
 .text.dm_device_delete
                0x000000000001e464       0x9c _build/device_manager_peripheral.o
                0x000000000001e464                dm_device_delete
 .text.dm_device_delete_all
                0x000000000001e500       0x9c _build/device_manager_peripheral.o
                0x000000000001e500                dm_device_delete_all
 .text.dm_service_context_set
                0x000000000001e59c      0x14c _build/device_manager_peripheral.o
                0x000000000001e59c                dm_service_context_set
 .text.dm_service_context_get
                0x000000000001e6e8      0x14c _build/device_manager_peripheral.o
                0x000000000001e6e8                dm_service_context_get
 .text.dm_service_context_delete
                0x000000000001e834       0x94 _build/device_manager_peripheral.o
                0x000000000001e834                dm_service_context_delete
 .text.dm_application_context_set
                0x000000000001e8c8       0x18 _build/device_manager_peripheral.o
                0x000000000001e8c8                dm_application_context_set
 .text.dm_application_context_get
                0x000000000001e8e0       0x18 _build/device_manager_peripheral.o
                0x000000000001e8e0                dm_application_context_get
 .text.dm_application_context_delete
                0x000000000001e8f8       0x18 _build/device_manager_peripheral.o
                0x000000000001e8f8                dm_application_context_delete
 .text.dm_application_instance_set
                0x000000000001e910       0x74 _build/device_manager_peripheral.o
                0x000000000001e910                dm_application_instance_set
 .text.dm_handle_initialize
                0x000000000001e984       0x38 _build/device_manager_peripheral.o
                0x000000000001e984                dm_handle_initialize
 .text.device_context_store
                0x000000000001e9bc      0x15c _build/device_manager_peripheral.o
 .text.dm_peer_addr_set
                0x000000000001eb18       0xf4 _build/device_manager_peripheral.o
                0x000000000001eb18                dm_peer_addr_set
 .text.dm_peer_addr_get
                0x000000000001ec0c      0x118 _build/device_manager_peripheral.o
                0x000000000001ec0c                dm_peer_addr_get
 .text.connection_instance_allocate
                0x000000000001ed24       0x50 _build/device_manager_peripheral.o
 .text.bond_data_load
                0x000000000001ed74       0x80 _build/device_manager_peripheral.o
                0x000000000001ed74                bond_data_load
 .text.dm_ble_evt_handler
                0x000000000001edf4      0x750 _build/device_manager_peripheral.o
                0x000000000001edf4                dm_ble_evt_handler
 .text          0x000000000001f544        0x0 _build/app_trace.o
 .text          0x000000000001f544        0x0 _build/simple_uart.o
 .text.nrf_delay_us
                0x000000000001f544       0x34 _build/simple_uart.o
 .text.nrf_gpio_cfg_output
                0x000000000001f578       0x20 _build/simple_uart.o
 .text.nrf_gpio_cfg_input
                0x000000000001f598       0x2c _build/simple_uart.o
 .text.simple_uart_get
                0x000000000001f5c4       0x30 _build/simple_uart.o
                0x000000000001f5c4                simple_uart_get
 .text.simple_uart_get_with_timeout
                0x000000000001f5f4       0x70 _build/simple_uart.o
                0x000000000001f5f4                simple_uart_get_with_timeout
 .text.simple_uart_put
                0x000000000001f664       0x3c _build/simple_uart.o
                0x000000000001f664                simple_uart_put
 .text.simple_uart_putstring
                0x000000000001f6a0       0x50 _build/simple_uart.o
                0x000000000001f6a0                simple_uart_putstring
 .text.simple_uart_config
                0x000000000001f6f0       0xd0 _build/simple_uart.o
                0x000000000001f6f0                simple_uart_config
 .text          0x000000000001f7c0        0x0 _build/app_gpiote.o
 .text.NVIC_EnableIRQ
                0x000000000001f7c0       0x2c _build/app_gpiote.o
 .text.NVIC_ClearPendingIRQ